
> netwrix-docs@0.1 build:single
> node scripts/build-single.js endpointpolicymanager

Building single product: endpointpolicymanager
Using plugin ID: endpointpolicymanager
Starting build...
[INFO] [en] Creating an optimized production build...
[WARNING] Docusaurus site warnings:
- Your site is using the SWC js loader. You can safely remove the Babel config file at `babel.config.js`.
[WARNING] Docusaurus found broken links!

Please check the pages of your site in the list below, and make sure you don't reference any path that does not exist.
Note: it's possible to ignore broken links with the 'onBrokenLinks' Docusaurus configuration, and let the build pass.

It looks like some of the broken links we found appear in many pages of your site.
Maybe those broken links appear on all pages through your site layout?
We recommend that you check your theme configuration for such links (particularly, theme navbar and footer).
Frequent broken links are linking to:
- /docs/endpointpolicymanager/resources/video-tutorials/mdm/exportgpos.md
- /docs/endpointpolicymanager/cloud-and-remote-management/mdm-integration/uemtools.md
- /docs/endpointpolicymanager/getting-started/quickstart/overviewinstall.md
- /docs/endpointpolicymanager/resources/video-tutorials/applicationsettings/dllorphans.md
- /docs/endpointpolicymanager/resources/video-tutorials/applicationsettings/shares.md
- /docs/endpointpolicymanager/resources/video-tutorials/applicationsettings/itemleveltargetingbypass.md
- /docs/endpointpolicymanager/resources/video-tutorials/troubleshooting/backup.md
- /docs/endpointpolicymanager/troubleshooting/tips/eventcategories.md
- /docs/endpointpolicymanager/resources/video-tutorials.md
- /docs/endpointpolicymanager/resources/video-tutorials/cloud/jointoken.md
- /docs/endpointpolicymanager/licensing/unlicense/components.md
- /docs/endpointpolicymanager/resources/video-tutorials/cloud/groups.md
- /docs/endpointpolicymanager/resources/video-tutorials/cloud/admxfiles.md
- /docs/endpointpolicymanager/resources/video-tutorials/cloud/reports.md
- /docs/endpointpolicymanager/resources/video-tutorials/cloud/mdm.md
- /docs/endpointpolicymanager/resources/video-tutorials/cloud/deploy/grouppolicysettings.md
- /docs/endpointpolicymanager/resources/video-tutorials/cloud/integration/onpremise.md
- /docs/endpointpolicymanager/integrations/third-party-integrations/azurevirutaldesktop.md
- /docs/endpointpolicymanager/resources/video-tutorials/cloud/quickstart.md
- /docs/endpointpolicymanager/resources/video-tutorials/cloud/testlab/createdc.md
- /docs/endpointpolicymanager/resources/video-tutorials/cloud/testlab/renameendpoint.md
- /docs/endpointpolicymanager/resources/video-tutorials/leastprivilege/cloudevents.md
- /docs/endpointpolicymanager/resources/video-tutorials/methods/exporterutility.md
- /docs/endpointpolicymanager/resources/knowledge-base.md
- /docs/endpointpolicymanager/installation-and-deployment/rings.md
- /docs/endpointpolicymanager/cloud-and-remote-management/mdm-integration/overview.md
- /docs/endpointpolicymanager/resources/video-tutorials/mdm/exporterutility.md
- /docs/endpointpolicymanager/resources/video-tutorials/license/licenserequestkey.md
- /docs/endpointpolicymanager/resources/video-tutorials/license/installuniversal.md
- /docs/endpointpolicymanager/resources/video-tutorials/leastprivilege/uacprompts.md
- /docs/endpointpolicymanager/resources/video-tutorials/leastprivilege/bestpractices/powershellblock.md
- /docs/endpointpolicymanager/resources/video-tutorials/troubleshooting/admxfiles.md
- /docs/endpointpolicymanager/installation-and-deployment/antivirus.md
- /docs/endpointpolicymanager/resources/video-tutorials/mdm/testsample.md
- /docs/endpointpolicymanager/licensing/trial.md
- /docs/endpointpolicymanager/resources/video-tutorials/mdm/microsoftintune.md
- /docs/endpointpolicymanager/security-and-privilege-management/least-privilege-manager/windowseventforwarding.md
- /docs/endpointpolicymanager/resources/video-tutorials/leastprivilege/bestpractices/serviceaccountrights.md

Exhaustive list of all broken links found:
- Broken link on source page path = /adminstrativetemplates/existinggpos:
   -> linking to /docs/endpointpolicymanager/resources/video-tutorials/mdm/exportgpos.md
- Broken link on source page path = /adminstrativetemplates/export:
   -> linking to /docs/endpointpolicymanager/cloud-and-remote-management/mdm-integration/uemtools.md
   -> linking to /docs/endpointpolicymanager/resources/video-tutorials/administrativetemplates/deployinternet.md
- Broken link on source page path = /adminstrativetemplates/gettoknow/collection:
   -> linking to /docs/endpointpolicymanager/policy-management/administrative-templates/itemleveltargeting.md
- Broken link on source page path = /adminstrativetemplates/gettoknow/computerside:
   -> linking to /docs/endpointpolicymanager/resources/video-tutorials/administrativetemplates/switchedpolicies.md
- Broken link on source page path = /adminstrativetemplates/overview:
   -> linking to /docs/endpointpolicymanager/getting-started/quickstart/overviewinstall.md
   -> linking to /docs/endpointpolicymanager/cloud-and-remote-management/mdm-integration/uemtools.md
   -> linking to /docs/endpointpolicymanager/resources/video-tutorials/administrativetemplates/collections.md
- Broken link on source page path = /applicationsettings/appsetfiles/findfixgpos:
   -> linking to /docs/endpointpolicymanager/resources/video-tutorials/applicationsettings/dllorphans.md
- Broken link on source page path = /applicationsettings/appsetfiles/gpotouchutility:
   -> linking to /docs/endpointpolicymanager/resources/video-tutorials/applicationsettings/touchutility.md
- Broken link on source page path = /applicationsettings/appsetfiles/storage/central:
   -> linking to /docs/endpointpolicymanager/resources/video-tutorials/applicationsettings/dllorphans.md
- Broken link on source page path = /applicationsettings/appsetfiles/versioncontrol:
   -> linking to /docs/endpointpolicymanager/resources/video-tutorials/applicationsettings/dllorphans.md
- Broken link on source page path = /applicationsettings/centralstore:
   -> linking to /docs/endpointpolicymanager/resources/video-tutorials/applicationsettings/centralstorework.md
- Broken link on source page path = /applicationsettings/designstudio/navigation/tab/propertiesproject:
   -> linking to /docs/endpointpolicymanager/resources/video-tutorials/applicationsettings/designstudio/itemleveltargeting.md
- Broken link on source page path = /applicationsettings/designstudio/overview:
   -> linking to /docs/endpointpolicymanager/resources/video-tutorials.md#designstudio-how-to
- Broken link on source page path = /applicationsettings/designstudio/quickstart/overview:
   -> linking to /docs/endpointpolicymanager/resources/video-tutorials/applicationsettings/designstudio/firstpak.md
- Broken link on source page path = /applicationsettings/designstudio/regimporteruitility:
   -> linking to /docs/endpointpolicymanager/resources/video-tutorials/applicationsettings/designstudio/importregistry.md
- Broken link on source page path = /applicationsettings/modes/acllockdown:
   -> linking to /docs/endpointpolicymanager/resources/video-tutorials/applicationsettings/acllockdown.md
- Broken link on source page path = /applicationsettings/modes/settingsdeliveryreinforcementoptions:
   -> linking to /docs/endpointpolicymanager/resources/video-tutorials/applicationsettings/superpowers.md
- Broken link on source page path = /applicationsettings/overview/knowledgebase:
   -> linking to /docs/endpointpolicymanager/application-management/application-settings/rolesresponsibilities.md
   -> linking to /docs/endpointpolicymanager/application-management/application-settings/centralstore.md
   -> linking to /docs/endpointpolicymanager/application-management/application-settings/side.md
   -> linking to /docs/endpointpolicymanager/application-management/application-settings/printers.md
   -> linking to /docs/endpointpolicymanager/application-management/application-settings/onetime.md
   -> linking to /docs/endpointpolicymanager/platform-specific/windows-requirements/support/applicationsettings/designstudiowindows7.md
   -> linking to /docs/endpointpolicymanager/application-management/application-settings/windowsremoteassistance.md
   -> linking to /docs/endpointpolicymanager/application-management/application-settings/upgrade.md
   -> linking to /docs/endpointpolicymanager/application-management/application-settings/dllstorage.md
   -> linking to /docs/endpointpolicymanager/application-management/application-settings/preconfigured-applications/itemleveltargeting/bypassinternal.md
   -> linking to /docs/endpointpolicymanager/application-management/application-settings/preconfigured-applications/chrome/home.md
   -> linking to /docs/endpointpolicymanager/application-management/application-settings/preconfigured-applications/chrome/certificates.md
   -> linking to /docs/endpointpolicymanager/application-management/application-settings/preconfigured-applications/chrome/proxysettings.md
   -> linking to /docs/endpointpolicymanager/application-management/application-settings/preconfigured-applications/chrome/localfileaccess.md
   -> linking to /docs/endpointpolicymanager/application-management/application-settings/preconfigured-applications/chrome/extratabs.md
   -> linking to /docs/endpointpolicymanager/application-management/application-settings/preconfigured-applications/firefox/transition.md
   -> linking to /docs/endpointpolicymanager/application-management/application-settings/preconfigured-applications/firefox/certificate/authority.md
   -> linking to /docs/endpointpolicymanager/application-management/application-settings/preconfigured-applications/firefox/preventupdates.md
   -> linking to /docs/endpointpolicymanager/application-management/application-settings/preconfigured-applications/firefox/revertoptions.md
   -> linking to /docs/endpointpolicymanager/application-management/application-settings/preconfigured-applications/firefox/ntlmpassthru.md
   -> linking to /docs/endpointpolicymanager/platform-specific/windows-requirements/support/applicationsettings/firefox/version.md
   -> linking to /docs/endpointpolicymanager/application-management/application-settings/preconfigured-applications/firefox/addons.md
   -> linking to /docs/endpointpolicymanager/application-management/application-settings/preconfigured-applications/firefox/certificate/certificates.md
   -> linking to /docs/endpointpolicymanager/application-management/application-settings/preconfigured-applications/firefox/securityenterpriseroots.md
   -> linking to /docs/endpointpolicymanager/application-management/application-settings/preconfigured-applications/firefox/javathunderbird.md
   -> linking to /docs/endpointpolicymanager/platform-specific/windows-requirements/support/applicationsettings/firefox/frontmotion.md
   -> linking to /docs/endpointpolicymanager/platform-specific/windows-requirements/support/applicationsettings/firefox/nonstandardlocation.md
   -> linking to /docs/endpointpolicymanager/platform-specific/windows-requirements/support/applicationsettings/firefox/esr.md
   -> linking to /docs/endpointpolicymanager/application-management/application-settings/preconfigured-applications/firefox/allowremember.md
   -> linking to /docs/endpointpolicymanager/application-management/application-settings/preconfigured-applications/firefox/stopsenddatamessage.md
   -> linking to /docs/endpointpolicymanager/application-management/application-settings/preconfigured-applications/firefox/darktheme.md
   -> linking to /docs/endpointpolicymanager/application-management/application-settings/preconfigured-applications/side.md
   -> linking to /docs/endpointpolicymanager/application-management/application-settings/preconfigured-applications/internetexplorer/addons.md
   -> linking to /docs/endpointpolicymanager/application-management/application-settings/preconfigured-applications/internetexplorer/certificates.md
   -> linking to /docs/endpointpolicymanager/application-management/application-settings/preconfigured-applications/internetexplorer/customsettings.md
   -> linking to /docs/endpointpolicymanager/application-management/application-settings/preconfigured-applications/internetexplorer/mode.md
   -> linking to /docs/endpointpolicymanager/application-management/application-settings/preconfigured-applications/java/securitypopup.md
   -> linking to /docs/endpointpolicymanager/application-management/application-settings/preconfigured-applications/java/versionoutofdate.md
   -> linking to /docs/endpointpolicymanager/application-management/application-settings/preconfigured-applications/java/versioninsecure.md
   -> linking to /docs/endpointpolicymanager/application-management/application-settings/preconfigured-applications/java/runapplication.md
   -> linking to /docs/endpointpolicymanager/application-management/application-settings/preconfigured-applications/java/useraccountcontrol.md
   -> linking to /docs/endpointpolicymanager/application-management/application-settings/preconfigured-applications/java/tasktray.md
   -> linking to /docs/endpointpolicymanager/application-management/application-settings/preconfigured-applications/itemleveltargeting/internalpredefined.md
   -> linking to /docs/endpointpolicymanager/application-management/application-settings/preconfigured-applications/itemleveltargeting/bydefault.md
   -> linking to /docs/endpointpolicymanager/platform-specific/windows-requirements/support/applicationsettings/appvsequences.md
   -> linking to /docs/endpointpolicymanager/platform-specific/windows-requirements/support/applicationsettings/applicationvirtualization.md
   -> linking to /docs/endpointpolicymanager/application-management/application-settings/thinapp.md
   -> linking to /docs/endpointpolicymanager/platform-specific/windows-requirements/support/applicationsettings/xenapp.md
   -> linking to /docs/endpointpolicymanager/application-management/application-settings/xenapp.md
   -> linking to /docs/endpointpolicymanager/platform-specific/windows-requirements/support/applicationsettings/designstudioadditional.md
   -> linking to /docs/endpointpolicymanager/endpointpolicymanager/troubleshooting/applicationsettings/export/appset.md
- Broken link on source page path = /applicationsettings/overview/videolearningcenter:
   -> linking to /docs/endpointpolicymanager/resources/video-tutorials/applicationsettings/managers.md
   -> linking to /docs/endpointpolicymanager/resources/video-tutorials/applicationsettings/pak.md
   -> linking to /docs/endpointpolicymanager/resources/video-tutorials/applicationsettings/onpremise.md
   -> linking to /docs/endpointpolicymanager/resources/video-tutorials/applicationsettings/mdm.md
   -> linking to /docs/endpointpolicymanager/resources/video-tutorials/applicationsettings/grouppolicy.md
   -> linking to /docs/endpointpolicymanager/resources/video-tutorials/applicationsettings/cloud.md
   -> linking to /docs/endpointpolicymanager/resources/video-tutorials/applicationsettings/centralstorecreate.md
   -> linking to /docs/endpointpolicymanager/resources/video-tutorials/applicationsettings/centralstoreupdate.md
   -> linking to /docs/endpointpolicymanager/resources/video-tutorials/applicationsettings/quickrundown.md
   -> linking to /docs/endpointpolicymanager/resources/video-tutorials/applicationsettings/manualupdate.md
   -> linking to /docs/endpointpolicymanager/resources/video-tutorials/applicationsettings/centralstorework.md
   -> linking to /docs/endpointpolicymanager/resources/video-tutorials/applicationsettings/shares.md
   -> linking to /docs/endpointpolicymanager/resources/video-tutorials/applicationsettings/uptodate.md
   -> linking to /docs/endpointpolicymanager/resources/video-tutorials/applicationsettings/dllorphans.md
   -> linking to /docs/endpointpolicymanager/resources/video-tutorials/applicationsettings/dllreconnect.md
   -> linking to /docs/endpointpolicymanager/resources/video-tutorials/applicationsettings/touchutility.md
   -> linking to /docs/endpointpolicymanager/resources/video-tutorials/applicationsettings/itemleveltargeting.md
   -> linking to /docs/endpointpolicymanager/resources/video-tutorials/applicationsettings/itemleveltargetingbypass.md
   -> linking to /docs/endpointpolicymanager/resources/video-tutorials/applicationsettings/acllockdown.md
   -> linking to /docs/endpointpolicymanager/resources/video-tutorials/applicationsettings/applicationlaunch.md
   -> linking to /docs/endpointpolicymanager/resources/video-tutorials/applicationsettings/superpowers.md
   -> linking to /docs/endpointpolicymanager/resources/video-tutorials/applicationsettings/variables.md
   -> linking to /docs/endpointpolicymanager/resources/video-tutorials/applicationsettings/proxysettings.md
   -> linking to /docs/endpointpolicymanager/resources/video-tutorials/applicationsettings/trustedappsets.md
   -> linking to /docs/endpointpolicymanager/resources/video-tutorials/applicationsettings/ieproxyserver.md
   -> linking to /docs/endpointpolicymanager/resources/video-tutorials/applicationsettings/certificatesevil.md
   -> linking to /docs/endpointpolicymanager/resources/video-tutorials/applicationsettings/invincea.md
   -> linking to /docs/endpointpolicymanager/resources/video-tutorials/applicationsettings/firefoxplugins.md
   -> linking to /docs/endpointpolicymanager/resources/video-tutorials/applicationsettings/chromerevert.md
   -> linking to /docs/endpointpolicymanager/resources/video-tutorials/applicationsettings/chromerevertfix.md
   -> linking to /docs/endpointpolicymanager/resources/video-tutorials/applicationsettings/oraclejava.md
   -> linking to /docs/endpointpolicymanager/resources/video-tutorials/applicationsettings/firefoxabout.md
   -> linking to /docs/endpointpolicymanager/resources/video-tutorials/applicationsettings/chromebookmarks.md
   -> linking to /docs/endpointpolicymanager/resources/video-tutorials/applicationsettings/paksbig.md
   -> linking to /docs/endpointpolicymanager/resources/video-tutorials/applicationsettings/designstudio/firstpak.md
   -> linking to /docs/endpointpolicymanager/resources/video-tutorials/applicationsettings/designstudio/importregistry.md
   -> linking to /docs/endpointpolicymanager/resources/video-tutorials/applicationsettings/designstudio/addelements.md
   -> linking to /docs/endpointpolicymanager/resources/video-tutorials/applicationsettings/designstudio/itemleveltargeting.md
   -> linking to /docs/endpointpolicymanager/resources/video-tutorials/applicationsettings/designstudio/foxitprinter.md
   -> linking to /docs/endpointpolicymanager/resources/video-tutorials/applicationsettings/designstudio/firefox_plugins.md
   -> linking to /docs/endpointpolicymanager/resources/video-tutorials/applicationsettings/citrix/sealapproval.md
   -> linking to /docs/endpointpolicymanager/resources/video-tutorials/applicationsettings/citrix/integration.md
   -> linking to /docs/endpointpolicymanager/resources/video-tutorials/applicationsettings/citrix/demo.md
   -> linking to /docs/endpointpolicymanager/resources/video-tutorials/applicationsettings/citrix/demo2.md
   -> linking to /docs/endpointpolicymanager/resources/video-tutorials/applicationsettings/citrix/xenapp.md
   -> linking to /docs/endpointpolicymanager/resources/video-tutorials/applicationsettings/citrix/xendesktop.md
   -> linking to /docs/endpointpolicymanager/resources/video-tutorials/applicationsettings/citrix/rds.md
   -> linking to /docs/endpointpolicymanager/resources/video-tutorials/applicationsettings/integration/microsoftintune.md
   -> linking to /docs/endpointpolicymanager/resources/video-tutorials/applicationsettings/integration/sccmsoftwarecenter.md
   -> linking to /docs/endpointpolicymanager/resources/video-tutorials/applicationsettings/integration/specops.md
   -> linking to /docs/endpointpolicymanager/resources/video-tutorials/applicationsettings/integration/pdqdeploy.md
   -> linking to /docs/endpointpolicymanager/resources/video-tutorials/applicationsettings/integration/pdqdeployfirefox.md
   -> linking to /docs/endpointpolicymanager/resources/video-tutorials/applicationsettings/vdi/integration.md
   -> linking to /docs/endpointpolicymanager/resources/video-tutorials/applicationsettings/vdi/vmware.md
   -> linking to /docs/endpointpolicymanager/resources/video-tutorials/applicationsettings/vdi/dedicated.md
   -> linking to /docs/endpointpolicymanager/resources/video-tutorials/applicationsettings/vdi/localmode.md
   -> linking to /docs/endpointpolicymanager/resources/video-tutorials/applicationsettings/vdi/thinapp.md
   -> linking to /docs/endpointpolicymanager/resources/video-tutorials/applicationsettings/vdi/thinappworkspace.md
   -> linking to /docs/endpointpolicymanager/resources/video-tutorials/applicationsettings/virtualization/appv.md
   -> linking to /docs/endpointpolicymanager/resources/video-tutorials/applicationsettings/virtualization/xenapp.md
   -> linking to /docs/endpointpolicymanager/resources/video-tutorials/applicationsettings/virtualization/uev.md
   -> linking to /docs/endpointpolicymanager/resources/video-tutorials/applicationsettings/virtualization/thinapp.md
   -> linking to /docs/endpointpolicymanager/resources/video-tutorials/applicationsettings/virtualization/symantec.md
   -> linking to /docs/endpointpolicymanager/resources/video-tutorials/applicationsettings/virtualization/spoonnovell.md
   -> linking to /docs/endpointpolicymanager/resources/video-tutorials/troubleshooting/applicationsettings/chrome.md
   -> linking to /docs/endpointpolicymanager/resources/video-tutorials/applicationsettings/internetexplorer/gettingstarted.md
   -> linking to /docs/endpointpolicymanager/resources/video-tutorials/applicationsettings/internetexplorer/certificates.md
   -> linking to /docs/endpointpolicymanager/resources/video-tutorials/applicationsettings/internetexplorer/connectionstab.md
   -> linking to /docs/endpointpolicymanager/resources/video-tutorials/applicationsettings/internetexplorer/contenttab.md
   -> linking to /docs/endpointpolicymanager/resources/video-tutorials/applicationsettings/internetexplorer/generaltab.md
   -> linking to /docs/endpointpolicymanager/resources/video-tutorials/applicationsettings/internetexplorer/privacytab.md
   -> linking to /docs/endpointpolicymanager/resources/video-tutorials/applicationsettings/internetexplorer/programstab.md
   -> linking to /docs/endpointpolicymanager/resources/video-tutorials/applicationsettings/internetexplorer/securitytab.md
   -> linking to /docs/endpointpolicymanager/resources/video-tutorials/applicationsettings/internetexplorer/settings.md
   -> linking to /docs/endpointpolicymanager/resources/video-tutorials/applicationsettings/internetexplorer/favorites.md
   -> linking to /docs/endpointpolicymanager/resources/video-tutorials/applicationsettings/chrome/gettingstarted.md
   -> linking to /docs/endpointpolicymanager/resources/video-tutorials/applicationsettings/chrome/clearbrowsing.md
   -> linking to /docs/endpointpolicymanager/resources/video-tutorials/applicationsettings/chrome/bookmarks.md
   -> linking to /docs/endpointpolicymanager/resources/video-tutorials/applicationsettings/firefox/gettingstarted.md
   -> linking to /docs/endpointpolicymanager/resources/video-tutorials/applicationsettings/firefox/defaultsearch.md
   -> linking to /docs/endpointpolicymanager/resources/video-tutorials/applicationsettings/firefox/popups.md
   -> linking to /docs/endpointpolicymanager/resources/video-tutorials/applicationsettings/firefox/extensions.md
   -> linking to /docs/endpointpolicymanager/resources/video-tutorials/applicationsettings/firefox/bookmarks.md
   -> linking to /docs/endpointpolicymanager/resources/video-tutorials/applicationsettings/firefox/extratabs.md
   -> linking to /docs/endpointpolicymanager/resources/video-tutorials/applicationsettings/firefox/disable.md
   -> linking to /docs/endpointpolicymanager/resources/video-tutorials/applicationsettings/firefox/removeelements.md
   -> linking to /docs/endpointpolicymanager/resources/video-tutorials/applicationsettings/firefox/miscsettings.md
   -> linking to /docs/endpointpolicymanager/resources/video-tutorials/applicationsettings/firefox/certificates.md
   -> linking to /docs/endpointpolicymanager/resources/video-tutorials/applicationsettings/firefox/adobe.md
   -> linking to /docs/endpointpolicymanager/resources/video-tutorials/applicationsettings/firefox/addons.md
   -> linking to /docs/endpointpolicymanager/resources/video-tutorials/applicationsettings/firefox/bookmarksmodify.md
   -> linking to /docs/endpointpolicymanager/resources/video-tutorials/applicationsettings/java/disable.md
   -> linking to /docs/endpointpolicymanager/resources/video-tutorials/applicationsettings/java/lockdown.md
   -> linking to /docs/endpointpolicymanager/resources/video-tutorials/applicationsettings/java/jre.md
   -> linking to /docs/endpointpolicymanager/resources/video-tutorials/applicationsettings/java/securityslider.md
   -> linking to /docs/endpointpolicymanager/resources/video-tutorials/applicationsettings/passwordsecure.md
   -> linking to /docs/endpointpolicymanager/resources/video-tutorials/applicationsettings/teams.md
   -> linking to /docs/endpointpolicymanager/resources/video-tutorials/applicationsettings/acrobat.md
   -> linking to /docs/endpointpolicymanager/resources/video-tutorials/applicationsettings/flashplayer.md
   -> linking to /docs/endpointpolicymanager/resources/video-tutorials/applicationsettings/irfanview.md
   -> linking to /docs/endpointpolicymanager/resources/video-tutorials/applicationsettings/office.md
   -> linking to /docs/endpointpolicymanager/resources/video-tutorials/applicationsettings/skype.md
   -> linking to /docs/endpointpolicymanager/resources/video-tutorials/applicationsettings/thunderbird.md
- Broken link on source page path = /applicationsettings/preconfigured/chrome/certificates:
   -> linking to /docs/endpointpolicymanager/resources/video-tutorials/applicationsettings/internetexplorer/certificates.md
- Broken link on source page path = /applicationsettings/preconfigured/chrome/proxysettings:
   -> linking to /docs/endpointpolicymanager/resources/video-tutorials/applicationsettings/internetexplorer/connectionstab.md
- Broken link on source page path = /applicationsettings/preconfigured/firefox/addons:
   -> linking to /docs/endpointpolicymanager/resources/video-tutorials/applicationsettings/firefox/addons.md
- Broken link on source page path = /applicationsettings/preconfigured/firefox/addons/forceinstallation:
   -> linking to /docs/endpointpolicymanager/resources/video-tutorials/applicationsettings/firefox/extensions.md
- Broken link on source page path = /applicationsettings/preconfigured/firefox/javathunderbird:
   -> linking to /docs/endpointpolicymanager/resources/video-tutorials/applicationsettings/thunderbird.md
- Broken link on source page path = /applicationsettings/preconfigured/firefox/preferences:
   -> linking to /docs/endpointpolicymanager/resources/video-tutorials/applicationsettings/firefox/disable.md
   -> linking to /docs/endpointpolicymanager/resources/video-tutorials/applicationsettings/firefox/removeelements.md
- Broken link on source page path = /applicationsettings/preconfigured/firefox/transition:
   -> linking to /docs/endpointpolicymanager/resources/video-tutorials/troubleshooting/powershell.md
   -> linking to /docs/endpointpolicymanager/resources/video-tutorials/troubleshooting/backup.md
   -> linking to /docs/endpointpolicymanager/resources/video-tutorials/applicationsettings/shares.md
   -> linking to /docs/endpointpolicymanager/resources/video-tutorials/applicationsettings/designstudio/itemleveltargeting.md
   -> linking to /docs/endpointpolicymanager/resources/video-tutorials/troubleshooting/itemleveltargeting.md
   -> linking to /docs/endpointpolicymanager/resources/video-tutorials/applicationsettings/centralstorework.md
- Broken link on source page path = /applicationsettings/preconfigured/internetexplorer/addons:
   -> linking to /docs/endpointpolicymanager/resources/video-tutorials/applicationsettings/internetexplorer/programstab.md
- Broken link on source page path = /applicationsettings/preconfigured/internetexplorer/certificates:
   -> linking to /docs/endpointpolicymanager/resources/video-tutorials/applicationsettings/internetexplorer/certificates.md
- Broken link on source page path = /applicationsettings/preconfigured/internetexplorer/tab/programs:
   -> linking to /docs/endpointpolicymanager/resources/video-tutorials/applicationsettings/internetexplorer/programstab.md
- Broken link on source page path = /applicationsettings/preconfigured/itemleveltargeting/bypassinternal:
   -> linking to /docs/endpointpolicymanager/resources/video-tutorials/applicationsettings/itemleveltargetingbypass.md
- Broken link on source page path = /applicationsettings/preconfigured/quickstart/specialnotes:
   -> linking to /docs/endpointpolicymanager/resources/video-tutorials/applicationsettings/dllorphans.md
- Broken link on source page path = /applicationsettings/preconfigured/side:
   -> linking to /docs/endpointpolicymanager/application-management/application-settings/preconfigured-applications/firefox/javathunderbird.md
- Broken link on source page path = /applicationsettings/windowsremoteassistance:
   -> linking to /docs/endpointpolicymanager/resources/video-tutorials/scriptstriggers/gettingstarted/cloud.md
- Broken link on source page path = /archive/overview:
   -> linking to /docs/endpointpolicymanager/archive/archived-guides/admxfiles.md
   -> linking to /docs/endpointpolicymanager/archive/archived-guides/differentusers.md
   -> linking to /docs/endpointpolicymanager/archive/archived-guides/massdeploy.md
   -> linking to /docs/endpointpolicymanager/archive/archived-guides/upgrading.md
   -> linking to /docs/endpointpolicymanager/archive/archived-guides/designstudiofirefox.md
   -> linking to /docs/endpointpolicymanager/archive/archived-guides/cloud.md
   -> linking to /docs/endpointpolicymanager/archive/archived-guides/tattooing.md
   -> linking to /docs/endpointpolicymanager/archive/archived-guides/infranview.md
   -> linking to /docs/endpointpolicymanager/archive/archived-guides/operanext.md
   -> linking to /docs/endpointpolicymanager/archive/archived-guides/gotomeeting.md
   -> linking to /docs/endpointpolicymanager/archive/archived-guides/parcctesting.md
   -> linking to /docs/endpointpolicymanager/archive/archived-guides/vmware.md
   -> linking to /docs/endpointpolicymanager/archive/archived-guides/vmwarefilesettings.md
   -> linking to /docs/endpointpolicymanager/archive/archived-guides/java.md
   -> linking to /docs/endpointpolicymanager/archive/archived-guides/vmwarehorizonmirage.md
   -> linking to /docs/endpointpolicymanager/archive/archived-guides/office2013.md
   -> linking to /docs/endpointpolicymanager/archive/archived-guides/preferencesexporter.md
   -> linking to /docs/endpointpolicymanager/archive/archived-guides/designstudiojava.md
   -> linking to /docs/endpointpolicymanager/archive/archived-guides/ie10.md
   -> linking to /docs/endpointpolicymanager/archive/archived-guides/modenuke.md
   -> linking to /docs/endpointpolicymanager/archive/archived-guides/acrobatxpro.md
   -> linking to /docs/endpointpolicymanager/archive/archived-guides/ie9.md
   -> linking to /docs/endpointpolicymanager/archive/archived-guides/vmwaresupplements.md
   -> linking to /docs/endpointpolicymanager/archive/archived-guides/xenapp.md
   -> linking to /docs/endpointpolicymanager/archive/archived-guides/applock.md
   -> linking to /docs/endpointpolicymanager/archive/archived-guides/symantecworkspace.md
   -> linking to /docs/endpointpolicymanager/archive/archived-guides/autoupdater.md
   -> linking to /docs/endpointpolicymanager/archive/archived-guides/itemleveltartgeting.md
- Broken link on source page path = /browserrouter/defaultbrowser/defined:
   -> linking to /docs/endpointpolicymanager/resources/video-tutorials/browserrouter/defaultwindows10.md
- Broken link on source page path = /browserrouter/defaultbrowser/overview:
   -> linking to /docs/endpointpolicymanager/resources/video-tutorials/browserrouter/userselecteddefault.md
- Broken link on source page path = /browserrouter/editpolicytemplate/browsermode:
   -> linking to /docs/endpointpolicymanager/resources/video-tutorials/browserrouter/ieedgemode.md
- Broken link on source page path = /browserrouter/internetexplorer/convertxmls:
   -> linking to /docs/endpointpolicymanager/resources/video-tutorials/browserrouter/iesitelists.md
- Broken link on source page path = /browserrouter/internetexplorer/edgemod:
   -> linking to /docs/endpointpolicymanager/resources/video-tutorials/browserrouter/ieedgemode.md
   -> linking to /docs/endpointpolicymanager/resources/video-tutorials/browserrouter/iesitelists.md
   -> linking to /docs/endpointpolicymanager/resources/video-tutorials/browserrouter/edgespecial.md
- Broken link on source page path = /browserrouter/internetexplorer/overview:
   -> linking to /docs/endpointpolicymanager/resources/video-tutorials/browserrouter/iesitelists.md
- Broken link on source page path = /browserrouter/internetexplorer/specialtypes:
   -> linking to /docs/endpointpolicymanager/resources/video-tutorials/browserrouter/edgespecial.md
- Broken link on source page path = /browserrouter/navigation:
   -> linking to /docs/endpointpolicymanager/application-management/browser-router/processorderprecedence.md
- Broken link on source page path = /browserrouter/overview:
   -> linking to /docs/endpointpolicymanager/getting-started/quickstart/overviewinstall.md
   -> linking to /docs/endpointpolicymanager/cloud-and-remote-management/mdm-integration/uemtools.md
   -> linking to /docs/endpointpolicymanager/resources/video-tutorials/browserrouter/rightbrowser.md
   -> linking to /docs/endpointpolicymanager/resources/video-tutorials/browserrouter/citrix.md
- Broken link on source page path = /browserrouter/overview/knowledgebase:
   -> linking to /docs/endpointpolicymanager/application-management/browser-router/install/chromemanual.md
   -> linking to /docs/endpointpolicymanager/application-management/browser-router/advancedblockingmessage.md
   -> linking to /docs/endpointpolicymanager/application-management/browser-router/forcebrowser.md
   -> linking to /docs/endpointpolicymanager/application-management/browser-router/editpolicytemplate/securityzone.md
   -> linking to /docs/endpointpolicymanager/application-management/browser-router/defaultbrowser/defined.md
   -> linking to /docs/endpointpolicymanager/application-management/browser-router/suppresspopup.md
   -> linking to /docs/endpointpolicymanager/application-management/browser-router/install/removeagent.md
   -> linking to /docs/endpointpolicymanager/application-management/browser-router/useselectablebrowser.md
   -> linking to /docs/endpointpolicymanager/application-management/browser-router/editpolicytemplate/browsermode.md
   -> linking to /docs/endpointpolicymanager/application-management/browser-router/shortcuticons.md
   -> linking to /docs/endpointpolicymanager/application-management/browser-router/editpolicytemplate/commandlinearguments.md
   -> linking to /docs/endpointpolicymanager/application-management/browser-router/edgelegacybrowser.md
- Broken link on source page path = /browserrouter/overview/videolearningcenter:
   -> linking to /docs/endpointpolicymanager/resources/video-tutorials/browserrouter/rightbrowser.md
   -> linking to /docs/endpointpolicymanager/resources/video-tutorials/browserrouter/edgesupport.md
   -> linking to /docs/endpointpolicymanager/resources/video-tutorials/browserrouter/blockwebsites.md
   -> linking to /docs/endpointpolicymanager/resources/video-tutorials/browserrouter/edgespecial.md
   -> linking to /docs/endpointpolicymanager/resources/video-tutorials/browserrouter/ports.md
   -> linking to /docs/endpointpolicymanager/resources/video-tutorials/browserrouter/userselecteddefault.md
   -> linking to /docs/endpointpolicymanager/resources/video-tutorials/browserrouter/ie.md
   -> linking to /docs/endpointpolicymanager/resources/video-tutorials/browserrouter/mdm.md
   -> linking to /docs/endpointpolicymanager/resources/video-tutorials/browserrouter/cloud.md
   -> linking to /docs/endpointpolicymanager/resources/video-tutorials/browserrouter/citrix.md
   -> linking to /docs/endpointpolicymanager/resources/video-tutorials/browserrouter/custombrowsers.md
   -> linking to /docs/endpointpolicymanager/resources/video-tutorials/browserrouter/defaultwindows10.md
   -> linking to /docs/endpointpolicymanager/resources/video-tutorials/browserrouter/chromenondomainjoined.md
   -> linking to /docs/endpointpolicymanager/resources/video-tutorials/browserrouter/ieforce.md
   -> linking to /docs/endpointpolicymanager/resources/video-tutorials/browserrouter/firefox.md
   -> linking to /docs/endpointpolicymanager/resources/video-tutorials/browserrouter/chrome.md
   -> linking to /docs/endpointpolicymanager/resources/video-tutorials/browserrouter/edge.md
   -> linking to /docs/endpointpolicymanager/resources/video-tutorials/browserrouter/iesitelists.md
   -> linking to /docs/endpointpolicymanager/resources/video-tutorials/browserrouter/ieedgemode.md
   -> linking to /docs/endpointpolicymanager/resources/video-tutorials/browserrouter/browsericon.md
- Broken link on source page path = /browserrouter/policy/block:
   -> linking to /docs/endpointpolicymanager/resources/video-tutorials/browserrouter/blockwebsites.md
- Broken link on source page path = /browserrouter/policy/custom:
   -> linking to /docs/endpointpolicymanager/resources/video-tutorials/browserrouter/custombrowsers.md
- Broken link on source page path = /browserrouter/ports:
   -> linking to /docs/endpointpolicymanager/resources/video-tutorials/browserrouter/ports.md
- Broken link on source page path = /browserrouter/shortcuticons:
   -> linking to /docs/endpointpolicymanager/resources/video-tutorials/browserrouter/browsericon.md
- Broken link on source page path = /browserrouter/useselectablebrowser:
   -> linking to /docs/endpointpolicymanager/resources/video-tutorials/browserrouter/userselecteddefault.md
   -> linking to /docs/endpointpolicymanager/application-management/browser-router/defaultbrowser/defined.md
- Broken link on source page path = /cloud/adduser:
   -> linking to /docs/endpointpolicymanager/resources/video-tutorials/cloud/add/administrator.md
- Broken link on source page path = /cloud/eventcollection/report:
   -> linking to /docs/endpointpolicymanager/troubleshooting/tips/eventcategories.md
- Broken link on source page path = /cloud/fakedc:
   -> linking to /docs/endpointpolicymanager/resources/video-tutorials.md
- Broken link on source page path = /cloud/groups:
   -> linking to /docs/endpointpolicymanager/resources/video-tutorials/cloud/jointoken.md
- Broken link on source page path = /cloud/install/uninstall:
   -> linking to /docs/endpointpolicymanager/licensing/unlicense/components.md
- Broken link on source page path = /cloud/interface/companydetails/companyadministrators/generalinfo/notificationeditor:
   -> linking to /docs/endpointpolicymanager/cloud-and-remote-management/cloud-management/interface/companydetails/editnotificationconfiguration.md
- Broken link on source page path = /cloud/interface/companydetails/companyadministrators/generalinfo/overview:
   -> linking to /docs/endpointpolicymanager/cloud-and-remote-management/cloud-management/interface/companydetails/companyadministrators/generalinfo/changeemail.md
   -> linking to /docs/endpointpolicymanager/cloud-and-remote-management/cloud-management/interface/companydetails/companyadministrators/generalinfo/resendwelcomeletter.md
   -> linking to /docs/endpointpolicymanager/cloud-and-remote-management/cloud-management/interface/companydetails/companyadministrators/generalinfo/loginrestrictionseditor.md
   -> linking to /docs/endpointpolicymanager/cloud-and-remote-management/cloud-management/interface/companydetails/editnotificationconfiguration.md
   -> linking to /docs/endpointpolicymanager/cloud-and-remote-management/cloud-management/interface/companydetails/companyadministrators/generalinfo/notificationeditor.md
- Broken link on source page path = /cloud/interface/companydetails/companyadministrators/overview:
   -> linking to /docs/endpointpolicymanager/resources/video-tutorials/cloud/security/immutablelog.md
- Broken link on source page path = /cloud/interface/companydetails/companyadministrators/rolemanagement:
   -> linking to /docs/endpointpolicymanager/cloud-and-remote-management/cloud-management/interface/companydetails/editcustomerlevelportalpolicies.md
   -> linking to /docs/endpointpolicymanager/cloud-and-remote-management/cloud-management/interface/companydetails/editnotificationconfiguration.md
- Broken link on source page path = /cloud/interface/companydetails/configureentraidaccess:
   -> linking to /docs/endpointpolicymanager/resources/video-tutorials/cloud/integration/entraid.md
- Broken link on source page path = /cloud/interface/companydetails/customerlog:
   -> linking to /docs/endpointpolicymanager/resources/video-tutorials/cloud/security/immutablelog.md
   -> linking to /docs/endpointpolicymanager/resources/video-tutorials/cloud/security/emaillogs.md
- Broken link on source page path = /cloud/interface/companydetails/downloads:
   -> linking to /docs/endpointpolicymanager/resources/video-tutorials/cloud/groups.md
- Broken link on source page path = /cloud/interface/companydetails/overview:
   -> linking to /docs/endpointpolicymanager/resources/video-tutorials/cloud/security/features.md
   -> linking to /docs/endpointpolicymanager/resources/video-tutorials/cloud/registrationmode.md
- Broken link on source page path = /cloud/interface/companydetails/revokecompanycertificate:
   -> linking to /docs/endpointpolicymanager/cloud-and-remote-management/cloud-management/interface/companydetails/downloads.md
- Broken link on source page path = /cloud/interface/computergroups/workingwith:
   -> linking to /docs/endpointpolicymanager/resources/video-tutorials/cloud/groups.md
- Broken link on source page path = /cloud/interface/filebox:
   -> linking to /docs/endpointpolicymanager/resources/video-tutorials/remoteworkdelivery/cloud.md
   -> linking to /docs/endpointpolicymanager/cloud-and-remote-management/cloud-management/remoteworkdeliverymanager.md
   -> linking to /docs/endpointpolicymanager/resources/video-tutorials/cloud/admxfiles.md
- Broken link on source page path = /cloud/interface/reports:
   -> linking to /docs/endpointpolicymanager/resources/video-tutorials/cloud/reports.md
- Broken link on source page path = /cloud/interface/tools:
   -> linking to /docs/endpointpolicymanager/resources/video-tutorials/cloud/jointoken.md
   -> linking to /docs/endpointpolicymanager/resources/video-tutorials/cloud/mdm.md
- Broken link on source page path = /cloud/interface/xmldatafiles/createpolicy:
   -> linking to /docs/endpointpolicymanager/cloud-and-remote-management/cloud-management/interface/xmldatafiles/upload.md
   -> linking to /docs/endpointpolicymanager/resources/video-tutorials/cloud/admxsettings.md
   -> linking to /docs/endpointpolicymanager/resources/video-tutorials/cloud/securitysettings.md
   -> linking to /docs/endpointpolicymanager/resources/video-tutorials/cloud/restricted_groups_editor.md
   -> linking to /docs/endpointpolicymanager/resources/video-tutorials/cloud/preferences.md
- Broken link on source page path = /cloud/interface/xmldatafiles/importpolicies:
   -> linking to /docs/endpointpolicymanager/resources/video-tutorials/cloud/import.md
- Broken link on source page path = /cloud/interface/xmldatafiles/upload:
   -> linking to /docs/endpointpolicymanager/resources/video-tutorials/cloud/integration/onpremiseexport.md
   -> linking to /docs/endpointpolicymanager/resources/video-tutorials/cloud/deploy/grouppolicysettings.md
   -> linking to /docs/endpointpolicymanager/resources/video-tutorials/cloud/deploy/endpointpolicymanagersettings.md
- Broken link on source page path = /cloud/licensing/otherpolicydeliverymechanisms:
   -> linking to /docs/endpointpolicymanager/resources/video-tutorials/cloud/integration/onpremise.md
- Broken link on source page path = /cloud/licensing/reconnectionperiod:
   -> linking to /docs/endpointpolicymanager/licensing/unlicense/components.md
- Broken link on source page path = /cloud/licensing/serversessionvirtualization:
   -> linking to /docs/endpointpolicymanager/licensing/virtualization/multisession.md
- Broken link on source page path = /cloud/licensing/vdi:
   -> linking to /docs/endpointpolicymanager/integrations/third-party-integrations/azurevirutaldesktop.md
   -> linking to /docs/endpointpolicymanager/integrations/third-party-integrations/vdisolutions.md
- Broken link on source page path = /cloud/overview:
   -> linking to /docs/endpointpolicymanager/resources/video-tutorials.md
- Broken link on source page path = /cloud/overview/knowledgebase:
   -> linking to /docs/endpointpolicymanager/cloud-and-remote-management/cloud-management/transition.md
   -> linking to /docs/endpointpolicymanager/platform-specific/windows-requirements/cloud.md
   -> linking to /docs/endpointpolicymanager/installation-and-deployment/cloud/client.md
   -> linking to /docs/endpointpolicymanager/installation-and-deployment/cloud/clientdomainnondomain.md
   -> linking to /docs/endpointpolicymanager/installation-and-deployment/cloud/activedirectory.md
   -> linking to /docs/endpointpolicymanager/cloud-and-remote-management/cloud-management/fakedc.md
   -> linking to /docs/endpointpolicymanager/installation-and-deployment/cloud/clientremote.md
   -> linking to /docs/endpointpolicymanager/installation-and-deployment/cloud/slowinternet.md
   -> linking to /docs/endpointpolicymanager/cloud-and-remote-management/cloud-management/creditcard.md
   -> linking to /docs/endpointpolicymanager/cloud-and-remote-management/cloud-management/security/datasafety.md
   -> linking to /docs/endpointpolicymanager/cloud-and-remote-management/cloud-management/add/administrator.md
   -> linking to /docs/endpointpolicymanager/licensing/cloud/usage.md
   -> linking to /docs/endpointpolicymanager/cloud-and-remote-management/cloud-management/install/mac/client.md
   -> linking to /docs/endpointpolicymanager/cloud-and-remote-management/cloud-management/install/mac/signature.md
   -> linking to /docs/endpointpolicymanager/cloud-and-remote-management/cloud-management/install/mac/sha.md
   -> linking to /docs/endpointpolicymanager/cloud-and-remote-management/cloud-management/install/mac/signingid.md
   -> linking to /docs/endpointpolicymanager/cloud-and-remote-management/cloud-management/policy/edit.md
   -> linking to /docs/endpointpolicymanager/cloud-and-remote-management/cloud-management/unlink.md
   -> linking to /docs/endpointpolicymanager/cloud-and-remote-management/cloud-management/remoteworkdeliverymanager.md
   -> linking to /docs/endpointpolicymanager/installation-and-deployment/cloud/removeendpoint.md
   -> linking to /docs/endpointpolicymanager/cloud-and-remote-management/cloud-management/updatefrequency.md
   -> linking to /docs/endpointpolicymanager/cloud-and-remote-management/cloud-management/syncfrequency.md
   -> linking to /docs/endpointpolicymanager/cloud-and-remote-management/cloud-management/security/publickeypoliciessettings.md
   -> linking to /docs/endpointpolicymanager/cloud-and-remote-management/cloud-management/targetingeditor.md
   -> linking to /docs/endpointpolicymanager/integrations/third-party-integrations/azurevirutaldesktop.md
   -> linking to /docs/endpointpolicymanager/integrations/third-party-integrations/vdisolutions.md
   -> linking to /docs/endpointpolicymanager/installation-and-deployment/cloud/clientsilent.md
   -> linking to /docs/endpointpolicymanager/cloud-and-remote-management/cloud-management/policy/type.md
   -> linking to /docs/endpointpolicymanager/cloud-and-remote-management/cloud-management/groups.md
   -> linking to /docs/endpointpolicymanager/cloud-and-remote-management/cloud-management/version.md
   -> linking to /docs/endpointpolicymanager/cloud-and-remote-management/cloud-management/eventcollection/childgroups.md
   -> linking to /docs/endpointpolicymanager/cloud-and-remote-management/cloud-management/eventcollection/splunk.md
- Broken link on source page path = /cloud/overview/videolearningcenter:
   -> linking to /docs/endpointpolicymanager/resources/video-tutorials/cloud/introduction.md
   -> linking to /docs/endpointpolicymanager/resources/video-tutorials/cloud/quickstart.md
   -> linking to /docs/endpointpolicymanager/resources/video-tutorials/cloud/deploy/grouppolicysettings.md
   -> linking to /docs/endpointpolicymanager/resources/video-tutorials/cloud/deploy/endpointpolicymanagersettings.md
   -> linking to /docs/endpointpolicymanager/resources/video-tutorials/cloud/admxsettings.md
   -> linking to /docs/endpointpolicymanager/resources/video-tutorials/cloud/admxfiles.md
   -> linking to /docs/endpointpolicymanager/resources/video-tutorials/cloud/integration/onpremiseexport.md
   -> linking to /docs/endpointpolicymanager/resources/video-tutorials/cloud/securitysettings.md
   -> linking to /docs/endpointpolicymanager/resources/video-tutorials/cloud/preferences.md
   -> linking to /docs/endpointpolicymanager/resources/video-tutorials/cloud/testlab/start.md
   -> linking to /docs/endpointpolicymanager/resources/video-tutorials/cloud/testlab/createdc.md
   -> linking to /docs/endpointpolicymanager/resources/video-tutorials/cloud/testlab/renameendpoint.md
   -> linking to /docs/endpointpolicymanager/resources/video-tutorials/cloud/testlab/onpremise.md
   -> linking to /docs/endpointpolicymanager/resources/video-tutorials/cloud/mdm.md
   -> linking to /docs/endpointpolicymanager/resources/video-tutorials/cloud/integration/onpremise.md
   -> linking to /docs/endpointpolicymanager/resources/video-tutorials/cloud/security/features.md
   -> linking to /docs/endpointpolicymanager/resources/video-tutorials/cloud/security/immutablelog.md
   -> linking to /docs/endpointpolicymanager/resources/video-tutorials/cloud/security/emaillogs.md
   -> linking to /docs/endpointpolicymanager/resources/video-tutorials/cloud/add/administrator.md
   -> linking to /docs/endpointpolicymanager/resources/video-tutorials/cloud/install/leastprivilegemanagerrule.md
   -> linking to /docs/endpointpolicymanager/resources/video-tutorials/cloud/integration/entraid.md
   -> linking to /docs/endpointpolicymanager/resources/video-tutorials/cloud/integration/fileinfoviewer.md
   -> linking to /docs/endpointpolicymanager/resources/video-tutorials/cloud/restricted_groups_editor.md
   -> linking to /docs/endpointpolicymanager/resources/video-tutorials/cloud/reports.md
   -> linking to /docs/endpointpolicymanager/resources/video-tutorials/cloud/registrationmode.md
   -> linking to /docs/endpointpolicymanager/resources/video-tutorials/cloud/groups.md
   -> linking to /docs/endpointpolicymanager/resources/video-tutorials/cloud/jointoken.md
   -> linking to /docs/endpointpolicymanager/resources/video-tutorials/cloud/import.md
- Broken link on source page path = /cloud/security/datasafety:
   -> linking to /docs/endpointpolicymanager/resources/video-tutorials/leastprivilege/cloudevents.md
   -> linking to /docs/endpointpolicymanager/troubleshooting/tips/eventcategories.md
- Broken link on source page path = /cloud/security/publickeypoliciessettings:
   -> linking to /docs/endpointpolicymanager/resources/video-tutorials/cloud/deploy/grouppolicysettings.md
- Broken link on source page path = /cloud/testlab:
   -> linking to /docs/endpointpolicymanager/resources/video-tutorials/cloud/testlab/start.md
   -> linking to /docs/endpointpolicymanager/resources/video-tutorials/cloud/testlab/createdc.md
   -> linking to /docs/endpointpolicymanager/resources/video-tutorials/cloud/testlab/renameendpoint.md
   -> linking to /docs/endpointpolicymanager/resources/video-tutorials/cloud/testlab/onpremise.md
- Broken link on source page path = /cloud/transition:
   -> linking to /docs/endpointpolicymanager/resources/video-tutorials/cloud/quickstart.md
   -> linking to /docs/endpointpolicymanager/resources/video-tutorials/methods/exporterutility.md
   -> linking to /docs/endpointpolicymanager/resources/video-tutorials/cloud/deploy/endpointpolicymanagersettings.md
   -> linking to /docs/endpointpolicymanager/resources/video-tutorials/cloud/import.md
   -> linking to /docs/endpointpolicymanager/resources/video-tutorials/leastprivilege/cloudrules.md
   -> linking to /docs/endpointpolicymanager/resources/knowledge-base.md
   -> linking to /docs/endpointpolicymanager/cloud-and-remote-management/cloud-management/interface/computergroups/workingwith.md
   -> linking to /docs/endpointpolicymanager/resources/video-tutorials/cloud/jointoken.md
   -> linking to /docs/endpointpolicymanager/resources/video-tutorials/cloud/mdm.md
   -> linking to /docs/endpointpolicymanager/installation-and-deployment/cloud/clientsilent.md
   -> linking to /docs/endpointpolicymanager/cloud-and-remote-management/cloud-management/verify.md#manually-syncing-with-policypak-cloud
   -> linking to /docs/endpointpolicymanager/resources/video-tutorials/cloud/reports.md
   -> linking to /docs/endpointpolicymanager/installation-and-deployment/rings.md
   -> linking to /docs/endpointpolicymanager/resources/video-tutorials/cloud/groups.md
- Broken link on source page path = /device/devicemanager/devicemanagerpolicies:
   -> linking to /docs/endpointpolicymanager/policy-management/item-level-targeting/entraidsids.md
   -> linking to /docs/endpointpolicymanager/resources/video-tutorials/device/mdm.md
   -> linking to /docs/endpointpolicymanager/resources/video-tutorials/device/usbdriveallowuser.md
   -> linking to /docs/endpointpolicymanager/resources/video-tutorials/device/serialnumber.md
   -> linking to /docs/endpointpolicymanager/resources/video-tutorials/device/bitlockerdrives.md
- Broken link on source page path = /device/devicemanager/overview:
   -> linking to /docs/endpointpolicymanager/cloud-and-remote-management/mdm-integration/overview.md
   -> linking to /docs/endpointpolicymanager/resources/video-tutorials.md
   -> linking to /docs/endpointpolicymanager/resources/video-tutorials/device/usbdrive.md
   -> linking to /docs/endpointpolicymanager/resources/video-tutorials/device/mdm.md
   -> linking to /docs/endpointpolicymanager/resources/video-tutorials/device/cloud.md
- Broken link on source page path = /device/devicemanager/rules:
   -> linking to /docs/endpointpolicymanager/resources/video-tutorials/device/dmapprovalautorules.md
   -> linking to /docs/endpointpolicymanager/device-and-desktop-management/device-manager/registry.md
   -> linking to /docs/endpointpolicymanager/resources/video-tutorials/device/enduser.md
- Broken link on source page path = /device/overview/knowledgebase:
   -> linking to /docs/endpointpolicymanager/device-and-desktop-management/device-manager/serialnumber.md
   -> linking to /docs/endpointpolicymanager/device-and-desktop-management/device-manager/usbdrive.md
   -> linking to /docs/endpointpolicymanager/device-and-desktop-management/device-manager/registry.md
- Broken link on source page path = /device/overview/videolearningcenter:
   -> linking to /docs/endpointpolicymanager/resources/video-tutorials/device/usbdrive.md
   -> linking to /docs/endpointpolicymanager/resources/video-tutorials/device/usbdriveallowuser.md
   -> linking to /docs/endpointpolicymanager/resources/video-tutorials/device/usbdriveallowvendor.md
   -> linking to /docs/endpointpolicymanager/resources/video-tutorials/device/serialnumber.md
   -> linking to /docs/endpointpolicymanager/resources/video-tutorials/device/bitlockerdrives.md
   -> linking to /docs/endpointpolicymanager/resources/video-tutorials/device/enduser.md
   -> linking to /docs/endpointpolicymanager/resources/video-tutorials/device/dmhelpertool.md
   -> linking to /docs/endpointpolicymanager/resources/video-tutorials/device/dmapprovalautorules.md
   -> linking to /docs/endpointpolicymanager/resources/video-tutorials/device/cloud.md
   -> linking to /docs/endpointpolicymanager/resources/video-tutorials/device/mdm.md
- Broken link on source page path = /editions/policies:
   -> linking to /docs/endpointpolicymanager/resources/video-tutorials/applicationsettings/cloud.md
   -> linking to /docs/endpointpolicymanager/resources/video-tutorials.md
   -> linking to /docs/endpointpolicymanager/policy-management/administrative-templates/overview.md
   -> linking to /docs/endpointpolicymanager/policy-management/preferences/componentlicense.md
   -> linking to /docs/endpointpolicymanager/policy-management/preferences/overview.md
   -> linking to /docs/endpointpolicymanager/security-and-privilege-management/security-settings/overview.md
- Broken link on source page path = /editions/solutions:
   -> linking to /docs/endpointpolicymanager/resources/knowledge-base.md
   -> linking to /docs/endpointpolicymanager/resources/video-tutorials/changemanagementutilities/advancedgrouppolicymanagement.md
   -> linking to /docs/endpointpolicymanager/resources/video-tutorials/changemanagementutilities/gpoadmintool.md
   -> linking to /docs/endpointpolicymanager/resources/video-tutorials/changemanagementutilities/scriptlogicactiveadministrator.md
   -> linking to /docs/endpointpolicymanager/resources/video-tutorials/changemanagementutilities/netiq.md
   -> linking to /docs/endpointpolicymanager/resources/video-tutorials.md
   -> linking to /docs/endpointpolicymanager/cloud-and-remote-management/mdm-integration/uemtools.md
   -> linking to /docs/endpointpolicymanager/resources/video-tutorials/cloud/quickstart.md
   -> linking to /docs/endpointpolicymanager/cloud-and-remote-management/cloud-management/quickstart.md
   -> linking to /docs/endpointpolicymanager/resources/video-tutorials/cloud/mdm.md
- Broken link on source page path = /feature/itemleveltargeting/exportcollections:
   -> linking to /docs/endpointpolicymanager/device-and-desktop-management/remote-desktop-protocol/itemleveltargeting/overview.md
   -> linking to /docs/endpointpolicymanager/cloud-and-remote-management/mdm-integration/uemtools.md
- Broken link on source page path = /feature/overview:
   -> linking to /docs/endpointpolicymanager/getting-started/quickstart/overviewinstall.md
   -> linking to /docs/endpointpolicymanager/cloud-and-remote-management/mdm-integration/overview.md
- Broken link on source page path = /feature/overview/videolearningcenter:
   -> linking to /docs/endpointpolicymanager/resources/video-tutorials/feature/windows.md
   -> linking to /docs/endpointpolicymanager/resources/video-tutorials/feature/windowsservers.md
   -> linking to /docs/endpointpolicymanager/resources/video-tutorials/feature/cloud.md
   -> linking to /docs/endpointpolicymanager/resources/video-tutorials/feature/mdm.md
- Broken link on source page path = /fileassociations/applymode:
   -> linking to /docs/endpointpolicymanager/resources/video-tutorials/fileassociations/applyonce.md
- Broken link on source page path = /fileassociations/collections/preconfigured:
   -> linking to /docs/endpointpolicymanager/resources/video-tutorials/fileassociations/preconfiguredadvice.md
- Broken link on source page path = /fileassociations/helperutility:
   -> linking to /docs/endpointpolicymanager/resources/video-tutorials/fileassociations/helperapplication.md
- Broken link on source page path = /fileassociations/insouts/advantages:
   -> linking to /docs/endpointpolicymanager/resources/video-tutorials/fileassociations/firstlogin.md
- Broken link on source page path = /fileassociations/itemleveltargeting/exportcollection:
   -> linking to /docs/endpointpolicymanager/cloud-and-remote-management/mdm-integration/uemtools.md
   -> linking to /docs/endpointpolicymanager/resources/video-tutorials/cloud/integration/onpremise.md
   -> linking to /docs/endpointpolicymanager/resources/video-tutorials/mdm/exporterutility.md
- Broken link on source page path = /fileassociations/mapextensions:
   -> linking to /docs/endpointpolicymanager/resources/video-tutorials/fileassociations/cloud.md
- Broken link on source page path = /fileassociations/overview:
   -> linking to /docs/endpointpolicymanager/getting-started/quickstart/overviewinstall.md
   -> linking to /docs/endpointpolicymanager/security-and-privilege-management/least-privilege-manager/pplpmimplementationguide.md
- Broken link on source page path = /fileassociations/overview/knowledgebase:
   -> linking to /docs/endpointpolicymanager/application-management/file-associations/defaultbrowser.md
   -> linking to /docs/endpointpolicymanager/application-management/file-associations/collections/gpos.md
   -> linking to /docs/endpointpolicymanager/application-management/file-associations/oemdefaultassociations.md
- Broken link on source page path = /fileassociations/overview/videolearningcenter:
   -> linking to /docs/endpointpolicymanager/resources/video-tutorials/fileassociations/windows10.md
   -> linking to /docs/endpointpolicymanager/resources/video-tutorials/fileassociations/applyonce.md
   -> linking to /docs/endpointpolicymanager/resources/video-tutorials/fileassociations/universalwindowsapps.md
   -> linking to /docs/endpointpolicymanager/resources/video-tutorials/fileassociations/wizard.md
   -> linking to /docs/endpointpolicymanager/resources/video-tutorials/fileassociations/preconfiguredadvice.md
   -> linking to /docs/endpointpolicymanager/resources/video-tutorials/fileassociations/mdm.md
   -> linking to /docs/endpointpolicymanager/resources/video-tutorials/fileassociations/cloud.md
   -> linking to /docs/endpointpolicymanager/resources/video-tutorials/fileassociations/pdqdeploy.md
   -> linking to /docs/endpointpolicymanager/resources/video-tutorials/fileassociations/cloudusage.md
   -> linking to /docs/endpointpolicymanager/resources/video-tutorials/fileassociations/adobereader.md
   -> linking to /docs/endpointpolicymanager/resources/video-tutorials/fileassociations/mailto.md
   -> linking to /docs/endpointpolicymanager/resources/video-tutorials/fileassociations/windows10modify.md
   -> linking to /docs/endpointpolicymanager/resources/video-tutorials/fileassociations/helpertool.md
   -> linking to /docs/endpointpolicymanager/resources/video-tutorials/fileassociations/firstlogin.md
   -> linking to /docs/endpointpolicymanager/resources/video-tutorials/fileassociations/helperapplication.md
   -> linking to /docs/endpointpolicymanager/resources/video-tutorials/fileassociations/acroreader.md
   -> linking to /docs/endpointpolicymanager/resources/video-tutorials/fileassociations/windows10questions.md
- Broken link on source page path = /fileassociations/productwizard:
   -> linking to /docs/endpointpolicymanager/resources/video-tutorials/fileassociations/wizard.md
- Broken link on source page path = /gettingstarted:
   -> linking to /docs/endpointpolicymanager/resources/video-tutorials/license/licenserequestkey.md
   -> linking to /docs/endpointpolicymanager/resources/video-tutorials/license/installuniversal.md
   -> linking to /docs/endpointpolicymanager/resources/video-tutorials/grouppolicy/gettingstarted.md
   -> linking to /docs/endpointpolicymanager/resources/video-tutorials/cloud/quickstart.md
   -> linking to /docs/endpointpolicymanager/resources/video-tutorials.md
   -> linking to /docs/endpointpolicymanager/resources/knowledge-base.md
- Broken link on source page path = /gettingstarted/fastest:
   -> linking to /docs/endpointpolicymanager/getting-started/quickstart/grouppolicy.md
   -> linking to /docs/endpointpolicymanager/getting-started/quickstart/mdm.md
   -> linking to /docs/endpointpolicymanager/getting-started/quickstart/cloud.md
   -> linking to /docs/endpointpolicymanager/getting-started/quickstart/downloadcontents.md
   -> linking to /docs/endpointpolicymanager/cloud-and-remote-management/cloud-management/overview.md
   -> linking to /docs/endpointpolicymanager/cloud-and-remote-management/mdm-integration/overview.md
   -> linking to /docs/endpointpolicymanager/security-and-privilege-management/least-privilege-manager/pplpmimplementationguide.md
   -> linking to /docs/endpointpolicymanager/resources/knowledge-base.md
   -> linking to /docs/endpointpolicymanager/reference/index.md
- Broken link on source page path = /gettingstarted/history:
   -> linking to /docs/endpointpolicymanager/resources/video-tutorials/administrativetemplates/reducegpos.md
   -> linking to /docs/endpointpolicymanager/resources/video-tutorials/leastprivilege/events.md
   -> linking to /docs/endpointpolicymanager/resources/video-tutorials/leastprivilege/uacprompts.md
   -> linking to /docs/endpointpolicymanager/resources/video-tutorials/leastprivilege/bestpractices/powershellblock.md
   -> linking to /docs/endpointpolicymanager/resources/video-tutorials/browserrouter/ie.md
   -> linking to /docs/endpointpolicymanager/resources/video-tutorials/browserrouter/defaultwindows10.md
   -> linking to /docs/endpointpolicymanager/resources/video-tutorials/fileassociations/applyonce.md
   -> linking to /docs/endpointpolicymanager/resources/video-tutorials/leastprivilege/longcodes.md
   -> linking to /docs/endpointpolicymanager/resources/video-tutorials/leastprivilege/securerun/preventunsigned.md
- Broken link on source page path = /gettingstarted/overview/knowledgebase:
   -> linking to /docs/endpointpolicymanager/getting-started/fastest.md
   -> linking to /docs/endpointpolicymanager/getting-started/quickstart/guide.md
   -> linking to /docs/endpointpolicymanager/getting-started/quickstart/guideinstall.md
   -> linking to /docs/endpointpolicymanager/getting-started/history.md
   -> linking to /docs/endpointpolicymanager/platform-specific/windows-requirements/support/windows11.md
   -> linking[SUCCESS] Generated static files in "build".
[INFO] Use `npm run serve` command to test your build locally.
 to /docs/endpointpolicymanager/platform-specific/windows-requirements/support/windows7.md
   -> linking to /docs/endpointpolicymanager/platform-specific/windows-requirements/support/arm.md
   -> linking to /docs/endpointpolicymanager/getting-started/rightclick.md
   -> linking to /docs/endpointpolicymanager/getting-started/prepare.md
   -> linking to /docs/endpointpolicymanager/policy-management/item-level-targeting/applypreferences.md
   -> linking to /docs/endpointpolicymanager/policy-management/item-level-targeting/securitygroup.md
   -> linking to /docs/endpointpolicymanager/troubleshooting/tips/emailoptout.md
   -> linking to /docs/endpointpolicymanager/policy-management/item-level-targeting/windows11.md
   -> linking to /docs/endpointpolicymanager/troubleshooting/tips/mmcdisplay.md
   -> linking to /docs/endpointpolicymanager/policy-management/item-level-targeting/windowsserver2019.md
   -> linking to /docs/endpointpolicymanager/policy-management/item-level-targeting/entraidgroups.md
   -> linking to /docs/endpointpolicymanager/troubleshooting/tips/onpremisecloud.md
   -> linking to /docs/endpointpolicymanager/troubleshooting/tips/folderredirection.md
   -> linking to /docs/endpointpolicymanager/troubleshooting/tips/embedclient.md
   -> linking to /docs/endpointpolicymanager/platform-specific/windows-requirements/support/operatingsystem.md
   -> linking to /docs/endpointpolicymanager/policy-management/item-level-targeting/entraidsids.md
   -> linking to /docs/endpointpolicymanager/troubleshooting/tips/thirdpartyadvice.md
   -> linking to /docs/endpointpolicymanager/troubleshooting/tips/services.md
   -> linking to /docs/endpointpolicymanager/platform-specific/windows-requirements/support/windows.md
   -> linking to /docs/endpointpolicymanager/troubleshooting/tips/eventlogs.md
   -> linking to /docs/endpointpolicymanager/policy-management/item-level-targeting/virtualdesktops.md
   -> linking to /docs/endpointpolicymanager/troubleshooting/tips/eventcategories.md
   -> linking to /docs/endpointpolicymanager/policy-management/item-level-targeting/windowsendpoint.md
   -> linking to /docs/endpointpolicymanager/cloud-and-remote-management/cloud-management/adduser.md
   -> linking to /docs/endpointpolicymanager/cloud-and-remote-management/cloud-management/twofactorauthentication.md
   -> linking to /docs/endpointpolicymanager/cloud-and-remote-management/cloud-management/emailoptout.md
   -> linking to /docs/endpointpolicymanager/cloud-and-remote-management/cloud-management/cheksum.md
   -> linking to /docs/endpointpolicymanager/cloud-and-remote-management/cloud-management/profileupdate.md
   -> linking to /docs/endpointpolicymanager/installation-and-deployment/services.md
   -> linking to /docs/endpointpolicymanager/installation-and-deployment/clientsideextension/guids.md
   -> linking to /docs/endpointpolicymanager/integrations/third-party-integrations/auditor/mmcsnapin.md
   -> linking to /docs/endpointpolicymanager/integrations/third-party-integrations/auditor/permissions.md
- Broken link on source page path = /gettingstarted/overview/videolearningcenter:
   -> linking to /docs/endpointpolicymanager/resources/video-tutorials/gettingstarted/freetraining.md
   -> linking to /docs/endpointpolicymanager/resources/video-tutorials/gettingstarted/solutionmethods.md
   -> linking to /docs/endpointpolicymanager/resources/video-tutorials/gettingstarted/sidexporter.md
   -> linking to /docs/endpointpolicymanager/resources/video-tutorials/gettingstarted/arm.md
   -> linking to /docs/endpointpolicymanager/resources/video-tutorials/gettingstarted/editor.md
   -> linking to /docs/endpointpolicymanager/resources/video-tutorials/troubleshooting/admxfiles.md
   -> linking to /docs/endpointpolicymanager/resources/video-tutorials/troubleshooting/logs.md
   -> linking to /docs/endpointpolicymanager/resources/video-tutorials/troubleshooting/processmonitor.md
   -> linking to /docs/endpointpolicymanager/resources/video-tutorials/troubleshooting/gpobackup.md
   -> linking to /docs/endpointpolicymanager/resources/video-tutorials/troubleshooting/powershell.md
   -> linking to /docs/endpointpolicymanager/resources/video-tutorials/troubleshooting/unlicense.md
   -> linking to /docs/endpointpolicymanager/resources/video-tutorials/troubleshooting/itemleveltargeting.md
   -> linking to /docs/endpointpolicymanager/resources/video-tutorials/gettingstarted/admx.md
   -> linking to /docs/endpointpolicymanager/resources/video-tutorials/troubleshooting/backupoptions.md
   -> linking to /docs/endpointpolicymanager/resources/video-tutorials/troubleshooting/backup.md
   -> linking to /docs/endpointpolicymanager/resources/video-tutorials/integration/auditordemo.md
   -> linking to /docs/endpointpolicymanager/resources/video-tutorials/integration/auditorsetup.md
   -> linking to /docs/endpointpolicymanager/resources/video-tutorials/methods/exporterutility.md
   -> linking to /docs/endpointpolicymanager/resources/video-tutorials/methods/sccmgrouppolicy.md
   -> linking to /docs/endpointpolicymanager/resources/video-tutorials/windowsvirtualdesktops/gettingstarted.md
   -> linking to /docs/endpointpolicymanager/resources/video-tutorials/windowsvirtualdesktops/elevateinstall.md
   -> linking to /docs/endpointpolicymanager/resources/video-tutorials/windowsvirtualdesktops/elevateapplication.md
   -> linking to /docs/endpointpolicymanager/resources/video-tutorials/windowsvirtualdesktops/startscreen.md
   -> linking to /docs/endpointpolicymanager/resources/video-tutorials/windowsvirtualdesktops/applicationsettings.md
   -> linking to /docs/endpointpolicymanager/resources/video-tutorials/windowsvirtualdesktops/admintemplatemanager.md
   -> linking to /docs/endpointpolicymanager/resources/video-tutorials/windowsvirtualdesktops/browserrouter.md
   -> linking to /docs/endpointpolicymanager/resources/video-tutorials/windowsvirtualdesktops/tour.md
   -> linking to /docs/endpointpolicymanager/resources/video-tutorials/windowsvirtualdesktops/leastprivilege.md
   -> linking to /docs/endpointpolicymanager/resources/video-tutorials/fslogix/appmasking.md
   -> linking to /docs/endpointpolicymanager/resources/video-tutorials/fslogix/profiles.md
   -> linking to /docs/endpointpolicymanager/resources/video-tutorials/fslogix/startmenu.md
   -> linking to /docs/endpointpolicymanager/resources/video-tutorials/fslogix/browserdefault.md
   -> linking to /docs/endpointpolicymanager/resources/video-tutorials/fslogix/broswerright.md
   -> linking to /docs/endpointpolicymanager/resources/video-tutorials/fslogix/browserconfiguration.md
   -> linking to /docs/endpointpolicymanager/resources/video-tutorials/fslogix/elevatingapplications.md
   -> linking to /docs/endpointpolicymanager/resources/video-tutorials/cameyo/uacprompts.md
   -> linking to /docs/endpointpolicymanager/resources/video-tutorials/cameyo/browserright.md
   -> linking to /docs/endpointpolicymanager/resources/video-tutorials/cameyo/startscreen.md
   -> linking to /docs/endpointpolicymanager/resources/video-tutorials/cameyo/applicationsettings.md
   -> linking to /docs/endpointpolicymanager/resources/video-tutorials/changemanagementutilities/history.md
   -> linking to /docs/endpointpolicymanager/resources/video-tutorials/changemanagementutilities/advancedgrouppolicymanagement.md
   -> linking to /docs/endpointpolicymanager/resources/video-tutorials/changemanagementutilities/gpoadmintool.md
   -> linking to /docs/endpointpolicymanager/resources/video-tutorials/changemanagementutilities/netiq.md
   -> linking to /docs/endpointpolicymanager/resources/video-tutorials/changemanagementutilities/scriptlogicactiveadministrator.md
   -> linking to /docs/endpointpolicymanager/resources/video-tutorials/changemanagementutilities/sdmchangemanager.md
- Broken link on source page path = /gettingstarted/prepare:
   -> linking to /docs/endpointpolicymanager/installation-and-deployment/methods.md
   -> linking to /docs/endpointpolicymanager/resources/video-tutorials/cloud/testlab/createdc.md
   -> linking to /docs/endpointpolicymanager/installation-and-deployment/antivirus.md
   -> linking to /docs/endpointpolicymanager/resources/video-tutorials/troubleshooting/admxfiles.md
   -> linking to /docs/endpointpolicymanager/resources/video-tutorials/license/installuniversal.md
   -> linking to /docs/endpointpolicymanager/resources/video-tutorials/troubleshooting/mdm.md
   -> linking to /docs/endpointpolicymanager/resources/video-tutorials/mdm/testsample.md
   -> linking to /docs/endpointpolicymanager/resources/video-tutorials/cloud/testlab/renameendpoint.md
- Broken link on source page path = /gettingstarted/quickstart/cloud:
   -> linking to /docs/endpointpolicymanager/resources/video-tutorials/cloud/quickstart.md
   -> linking to /docs/endpointpolicymanager/resources/video-tutorials/cloud/mdm.md
   -> linking to /docs/endpointpolicymanager/resources/video-tutorials/cloud/testlab/createdc.md
   -> linking to /docs/endpointpolicymanager/resources/video-tutorials/cloud/deploy/grouppolicysettings.md
   -> linking to /docs/endpointpolicymanager/resources/video-tutorials/cloud/deploy/endpointpolicymanagersettings.md
- Broken link on source page path = /gettingstarted/quickstart/grouppolicy:
   -> linking to /docs/endpointpolicymanager/resources/video-tutorials/grouppolicy/install.md
   -> linking to /docs/endpointpolicymanager/resources/video-tutorials/cloud/testlab/createdc.md
   -> linking to /docs/endpointpolicymanager/resources/video-tutorials/license/installuniversal.md
   -> linking to /docs/endpointpolicymanager/licensing/trial.md
- Broken link on source page path = /gettingstarted/quickstart/guide:
   -> linking to /docs/endpointpolicymanager/getting-started/quickstart/overview.md
- Broken link on source page path = /gettingstarted/quickstart/guideinstall:
   -> linking to /docs/endpointpolicymanager/getting-started/quickstart/overviewinstall.md
- Broken link on source page path = /gettingstarted/quickstart/mdm:
   -> linking to /docs/endpointpolicymanager/resources/video-tutorials/mdm/microsoftintune.md
   -> linking to /docs/endpointpolicymanager/resources/video-tutorials/cloud/testlab/createdc.md
   -> linking to /docs/endpointpolicymanager/resources/video-tutorials/mdm/testsample.md
   -> linking to /docs/endpointpolicymanager/licensing/trial.md
- Broken link on source page path = /gettingstarted/quickstart/overview:
   -> linking to /docs/endpointpolicymanager/resources/video-tutorials/gettingstarted/freetraining.md
- Broken link on source page path = /gettingstarted/quickstart/overviewinstall:
   -> linking to /docs/endpointpolicymanager/resources/knowledge-base.md
   -> linking to /docs/endpointpolicymanager/resources/video-tutorials.md
   -> linking to /docs/endpointpolicymanager/resources/video-tutorials/grouppolicy/explained.md
- Broken link on source page path = /gettingstarted/quickstart/prepareendpoint:
   -> linking to /docs/endpointpolicymanager/platform-specific/windows-requirements/support/arm.md
   -> linking to /docs/endpointpolicymanager/resources/video-tutorials/troubleshooting/mdm.md
- Broken link on source page path = /gettingstarted/quickstart/preparemanagementstation:
   -> linking to /docs/endpointpolicymanager/installation-and-deployment/methods.md
   -> linking to /docs/endpointpolicymanager/installation-and-deployment/adminconsole.md
   -> linking to /docs/endpointpolicymanager/resources/video-tutorials/cloud/testlab/createdc.md
   -> linking to /docs/endpointpolicymanager/resources/video-tutorials/grouppolicy/install.md
- Broken link on source page path = /gettingstarted/quickstart/specificcomponents:
   -> linking to /docs/endpointpolicymanager/resources/video-tutorials/grouppolicy/gettingstarted.md
   -> linking to /docs/endpointpolicymanager/resources/video-tutorials/mdm/testsample.md
   -> linking to /docs/endpointpolicymanager/resources/video-tutorials.md#getting-started
   -> linking to /docs/endpointpolicymanager/resources/knowledge-base.md
- Broken link on source page path = /gpoexport/delivercertificates:
   -> linking to /docs/endpointpolicymanager/resources/video-tutorials/cloud/deploy/grouppolicysettings.md
- Broken link on source page path = /gpoexport/overview/knowledgebase:
   -> linking to /docs/endpointpolicymanager/security-and-privilege-management/gpo-export/securitysettings.md
   -> linking to /docs/endpointpolicymanager/security-and-privilege-management/gpo-export/usercontext.md
   -> linking to /docs/endpointpolicymanager/policy-management/administrative-templates/settings.md
   -> linking to /docs/endpointpolicymanager/policy-management/administrative-templates/disableofficeelements.md
   -> linking to /docs/endpointpolicymanager/policy-management/administrative-templates/versions.md
   -> linking to /docs/endpointpolicymanager/policy-management/preferences/componentlicense.md
   -> linking to /docs/endpointpolicymanager/policy-management/preferences/settings.md
   -> linking to /docs/endpointpolicymanager/policy-management/preferences/printerdeploy.md
   -> linking to /docs/endpointpolicymanager/policy-management/preferences/drivemappings.md
   -> linking to /docs/endpointpolicymanager/policy-management/preferences/startservice.md
   -> linking to /docs/endpointpolicymanager/policy-management/preferences/passwords.md
   -> linking to /docs/endpointpolicymanager/security-and-privilege-management/gpo-export/delivercertificates.md
- Broken link on source page path = /gpoexport/overview/videolearningcenter:
   -> linking to /docs/endpointpolicymanager/resources/video-tutorials/gpoexport/realgposettings.md
   -> linking to /docs/endpointpolicymanager/resources/video-tutorials/gpoexport/cloudimport.md
   -> linking to /docs/endpointpolicymanager/resources/video-tutorials/gpoexport/mdm.md
   -> linking to /docs/endpointpolicymanager/resources/video-tutorials/gpoexport/sccm.md
   -> linking to /docs/endpointpolicymanager/resources/video-tutorials/gpoexport/mergetool.md
   -> linking to /docs/endpointpolicymanager/resources/video-tutorials/administrativetemplates/collections.md
   -> linking to /docs/endpointpolicymanager/resources/video-tutorials/administrativetemplates/switchedpolicies.md
   -> linking to /docs/endpointpolicymanager/resources/video-tutorials/mdm/exportgpos.md
   -> linking to /docs/endpointpolicymanager/resources/video-tutorials/administrativetemplates/deployinternet.md
   -> linking to /docs/endpointpolicymanager/resources/video-tutorials/administrativetemplates/screensavers.md
   -> linking to /docs/endpointpolicymanager/resources/video-tutorials/preferences/consolidateprinter.md
   -> linking to /docs/endpointpolicymanager/resources/video-tutorials/preferences/drivemaps.md
   -> linking to /docs/endpointpolicymanager/resources/video-tutorials/preferences/consolidateregistry.md
   -> linking to /docs/endpointpolicymanager/resources/video-tutorials/preferences/shortcuts.md
   -> linking to /docs/endpointpolicymanager/resources/video-tutorials/preferences/delivergpprefs.md
   -> linking to /docs/endpointpolicymanager/resources/video-tutorials/preferences/cloudlocaluser.md
- Broken link on source page path = /grouppolicy/overview/knowledgebase:
   -> linking to /docs/endpointpolicymanager/deployment-methods/group-policy/itemleveltargeting/cachepreferences.md
   -> linking to /docs/endpointpolicymanager/deployment-methods/group-policy/itemleveltargeting/cacheengine.md
   -> linking to /docs/endpointpolicymanager/deployment-methods/group-policy/insertuserinfo.md
   -> linking to /docs/endpointpolicymanager/deployment-methods/group-policy/pdqdeploy.md
- Broken link on source page path = /grouppolicy/overview/videolearningcenter:
   -> linking to /docs/endpointpolicymanager/resources/video-tutorials/grouppolicy/explained.md
   -> linking to /docs/endpointpolicymanager/resources/video-tutorials/cloud/testlab/createdc.md
   -> linking to /docs/endpointpolicymanager/resources/video-tutorials/grouppolicy/install.md
   -> linking to /docs/endpointpolicymanager/resources/video-tutorials/grouppolicy/gettingstarted.md
   -> linking to /docs/endpointpolicymanager/resources/video-tutorials/grouppolicy/renameendpoint.md
   -> linking to /docs/endpointpolicymanager/resources/video-tutorials/grouppolicy/integration.md
   -> linking to /docs/endpointpolicymanager/resources/video-tutorials/grouppolicy/itemleveltargeting/editmanual.md
   -> linking to /docs/endpointpolicymanager/resources/video-tutorials/mdm/exportgpos.md
   -> linking to /docs/endpointpolicymanager/resources/video-tutorials/grouppolicy/flatlegacyview.md
   -> linking to /docs/endpointpolicymanager/resources/video-tutorials/grouppolicy/mmcconsole.md
   -> linking to /docs/endpointpolicymanager/resources/video-tutorials/troubleshooting/grouppolicy/remotedesktopconnection.md
- Broken link on source page path = /grouppolicycompliancereporter/deliveryreports:
   -> linking to /docs/endpointpolicymanager/resources/video-tutorials/cloud/reports.md
   -> linking to /docs/endpointpolicymanager/troubleshooting/tips/onpremisecloud.md
   -> linking to /docs/endpointpolicymanager/resources/video-tutorials/cloud/integration/onpremise.md
- Broken link on source page path = /grouppolicycompliancereporter/domainmultiple:
   -> linking to /docs/endpointpolicymanager/resources/video-tutorials/gpocompilancereporter/install.md
   -> linking to /docs/endpointpolicymanager/resources/video-tutorials/gpocompilancereporter/modepush.md
- Broken link on source page path = /grouppolicycompliancereporter/install:
   -> linking to /docs/endpointpolicymanager/resources/video-tutorials/gpocompilancereporter/install.md
- Broken link on source page path = /grouppolicycompliancereporter/license/types:
   -> linking to /docs/endpointpolicymanager/licensing/trial.md
- Broken link on source page path = /grouppolicycompliancereporter/mode/pull/overview:
   -> linking to /docs/endpointpolicymanager/resources/video-tutorials/gpocompilancereporter/modepull.md
- Broken link on source page path = /grouppolicycompliancereporter/mode/push/install:
   -> linking to /docs/endpointpolicymanager/resources/video-tutorials/gpocompilancereporter/securityenhanced.md
- Broken link on source page path = /grouppolicycompliancereporter/mode/trial:
   -> linking to /docs/endpointpolicymanager/licensing/trial.md
- Broken link on source page path = /grouppolicycompliancereporter/overview:
   -> linking to /docs/endpointpolicymanager/compliance-and-reporting/group-policy-compliance-reporter/concepts.md
- Broken link on source page path = /grouppolicycompliancereporter/overview/knowledgebase:
   -> linking to /docs/endpointpolicymanager/compliance-and-reporting/group-policy-compliance-reporter/scenarios.md
   -> linking to /docs/endpointpolicymanager/compliance-and-reporting/group-policy-compliance-reporter/deliveryreports.md
   -> linking to /docs/endpointpolicymanager/platform-specific/windows-requirements/gpocompilancereporter/sqlserver.md
   -> linking to /docs/endpointpolicymanager/compliance-and-reporting/group-policy-compliance-reporter/install.md
   -> linking to /docs/endpointpolicymanager/compliance-and-reporting/group-policy-compliance-reporter/license/basis.md
   -> linking to /docs/endpointpolicymanager/compliance-and-reporting/group-policy-compliance-reporter/license/types.md
   -> linking to /docs/endpointpolicymanager/compliance-and-reporting/group-policy-compliance-reporter/license/userlimit.md
   -> linking to /docs/endpointpolicymanager/compliance-and-reporting/group-policy-compliance-reporter/license/compliancereports.md
   -> linking to /docs/endpointpolicymanager/compliance-and-reporting/group-policy-compliance-reporter/shareacrossteam.md
   -> linking to /docs/endpointpolicymanager/compliance-and-reporting/group-policy-compliance-reporter/mode/difference.md
   -> linking to /docs/endpointpolicymanager/compliance-and-reporting/group-policy-compliance-reporter/mode/trial.md
   -> linking to /docs/endpointpolicymanager/compliance-and-reporting/group-policy-compliance-reporter/license/minimum.md
   -> linking to /docs/endpointpolicymanager/compliance-and-reporting/group-policy-compliance-reporter/license/expire.md
   -> linking to /docs/endpointpolicymanager/compliance-and-reporting/group-policy-compliance-reporter/license/trueup.md
   -> linking to /docs/endpointpolicymanager/compliance-and-reporting/group-policy-compliance-reporter/license/tool.md
   -> linking to /docs/endpointpolicymanager/compliance-and-reporting/group-policy-compliance-reporter/license/multiyear.md
   -> linking to /docs/endpointpolicymanager/compliance-and-reporting/group-policy-compliance-reporter/domainmultiple.md
- Broken link on source page path = /grouppolicycompliancereporter/overview/videolearningcenter:
   -> linking to /docs/endpointpolicymanager/resources/video-tutorials/gpocompilancereporter/overviewmanager.md
   -> linking to /docs/endpointpolicymanager/resources/video-tutorials/gpocompilancereporter/overviewtechnical.md
   -> linking to /docs/endpointpolicymanager/resources/video-tutorials/gpocompilancereporter/modestandalone.md
   -> linking to /docs/endpointpolicymanager/resources/video-tutorials/gpocompilancereporter/modeserver.md
   -> linking to /docs/endpointpolicymanager/resources/video-tutorials/gpocompilancereporter/install.md
   -> linking to /docs/endpointpolicymanager/resources/video-tutorials/gpocompilancereporter/modepull.md
   -> linking to /docs/endpointpolicymanager/resources/video-tutorials/gpocompilancereporter/modepush.md
   -> linking to /docs/endpointpolicymanager/resources/video-tutorials/gpocompilancereporter/securityenhanced.md
   -> linking to /docs/endpointpolicymanager/resources/video-tutorials/gpocompilancereporter/existinggpos.md
   -> linking to /docs/endpointpolicymanager/resources/video-tutorials/gpocompilancereporter/importgpos.md
   -> linking to /docs/endpointpolicymanager/resources/video-tutorials/gpocompilancereporter/importstig.md
   -> linking to /docs/endpointpolicymanager/resources/video-tutorials/gpocompilancereporter/firewallports.md
- Broken link on source page path = /grouppolicycompliancereporter/prepare/licensing:
   -> linking to /docs/endpointpolicymanager/resources/video-tutorials/license/licenserequestkey.md
   -> linking to /docs/endpointpolicymanager/resources/video-tutorials/license/installuniversal.md
- Broken link on source page path = /install/adminconsole:
   -> linking to /docs/endpointpolicymanager/resources/video-tutorials/applicationsettings/centralstorework.md
   -> linking to /docs/endpointpolicymanager/resources/video-tutorials/applicationsettings/shares.md
- Broken link on source page path = /install/clientsideextension:
   -> linking to /docs/endpointpolicymanager/integrations/third-party-integrations/pdqdeploy.md
   -> linking to /docs/endpointpolicymanager/archive/archived-guides/massdeploy.md
   -> linking to /docs/endpointpolicymanager/archive/archived-guides/upgrading.md
- Broken link on source page path = /install/cloud/client:
   -> linking to /docs/endpointpolicymanager/resources/video-tutorials/cloud/groups.md
- Broken link on source page path = /install/cloud/clientremote:
   -> linking to /docs/endpointpolicymanager/resources/video-tutorials/cloud/install/leastprivilegemanagerrule.md
- Broken link on source page path = /install/cloud/clientsilent:
   -> linking to /docs/endpointpolicymanager/resources/video-tutorials/cloud/jointoken.md
- Broken link on source page path = /install/cloud/slowinternet:
   -> linking to /docs/endpointpolicymanager/troubleshooting/tips/embedclient.md
   -> linking to /docs/endpointpolicymanager/integrations/third-party-integrations/azurevirutaldesktop.md
- Broken link on source page path = /install/overview/knowledgebase:
   -> linking to /docs/endpointpolicymanager/installation-and-deployment/adminconsole.md
   -> linking to /docs/endpointpolicymanager/installation-and-deployment/node.md
   -> linking to /docs/endpointpolicymanager/installation-and-deployment/methods.md
   -> linking to /docs/endpointpolicymanager/installation-and-deployment/sccm.md
   -> linking to /docs/endpointpolicymanager/integrations/third-party-integrations/pdqdeploy.md
   -> linking to /docs/endpointpolicymanager/installation-and-deployment/citrixapplayering.md
   -> linking to /docs/endpointpolicymanager/installation-and-deployment/antivirus.md
   -> linking to /docs/endpointpolicymanager/installation-and-deployment/clientsideextension/why.md
   -> linking to /docs/endpointpolicymanager/platform-specific/windows-requirements/windows7.md
   -> linking to /docs/endpointpolicymanager/installation-and-deployment/rings.md
   -> linking to /docs/endpointpolicymanager/installation-and-deployment/upgrade/frequency.md
   -> linking to /docs/endpointpolicymanager/installation-and-deployment/update/frequency.md
   -> linking to /docs/endpointpolicymanager/installation-and-deployment/update/commandline.md
   -> linking to /docs/endpointpolicymanager/installation-and-deployment/ringsupgrade.md
   -> linking to /docs/endpointpolicymanager/installation-and-deployment/update/config.md
   -> linking to /docs/endpointpolicymanager/installation-and-deployment/uninstall.md
- Broken link on source page path = /install/overview/videolearningcenter:
   -> linking to /docs/endpointpolicymanager/resources/video-tutorials/install/autoupdate.md
- Broken link on source page path = /install/powershell:
   -> linking to /docs/endpointpolicymanager/licensing/activedirectory/scope.md
- Broken link on source page path = /install/rings:
   -> linking to /docs/endpointpolicymanager/resources/video-tutorials/cloud/groups.md
   -> linking to /docs/endpointpolicymanager/installation-and-deployment/ringsupgrade.md
   -> linking to /docs/endpointpolicymanager/cloud-and-remote-management/remote-work-delivery/updateclientsideextension.md
   -> linking to /docs/endpointpolicymanager/resources/video-tutorials/remoteworkdelivery/updateclientsideextension.md
- Broken link on source page path = /install/ringsupgrade:
   -> linking to /docs/endpointpolicymanager/installation-and-deployment/rings.md
- Broken link on source page path = /install/services:
   -> linking to /docs/endpointpolicymanager/installation-and-deployment/upgrade/rings/activedirectory.md
- Broken link on source page path = /install/uninstall:
   -> linking to /docs/endpointpolicymanager/licensing/unlicense/components.md
- Broken link on source page path = /install/update/commandline:
   -> linking to /docs/endpointpolicymanager/installation-and-deployment/rings.md
- Broken link on source page path = /install/update/frequency:
   -> linking to /docs/endpointpolicymanager/licensing/components.md
- Broken link on source page path = /install/upgrade/rings/activedirectory:
   -> linking to /docs/endpointpolicymanager/installation-and-deployment/ringsupgrade.md
   -> linking to /docs/endpointpolicymanager/cloud-and-remote-management/remote-work-delivery/updateclientsideextension.md
   -> linking to /docs/endpointpolicymanager/resources/video-tutorials/remoteworkdelivery/updateclientsideextension.md
- Broken link on source page path = /install/upgrade/rings/cloud:
   -> linking to /docs/endpointpolicymanager/resources/video-tutorials/cloud/groups.md
- Broken link on source page path = /install/upgrade/settings:
   -> linking to /docs/endpointpolicymanager/resources/video-tutorials/applicationsettings/uptodate.md
   -> linking to /docs/endpointpolicymanager/resources/video-tutorials/applicationsettings/touchutility.md
- Broken link on source page path = /install/upgrade/tips:
   -> linking to /docs/endpointpolicymanager/installation-and-deployment/rings.md
   -> linking to /docs/endpointpolicymanager/resources/video-tutorials/troubleshooting/admxfiles.md
   -> linking to /docs/endpointpolicymanager/resources/video-tutorials/troubleshooting/backupoptions.md
   -> linking to /docs/endpointpolicymanager/resources/video-tutorials/troubleshooting/backup.md
- Broken link on source page path = /integration/auditor/mmcsnapin:
   -> linking to /docs/endpointpolicymanager/resources/video-tutorials/integration/auditorsetup.md
   -> linking to /docs/endpointpolicymanager/resources/video-tutorials/troubleshooting/admxfiles.md
- Broken link on source page path = /integration/auditor/permissions:
   -> linking to /docs/endpointpolicymanager/application-management/application-settings/preconfigured-applications/firefox/ntlmpassthru.md
- Broken link on source page path = /integration/auditor/reports:
   -> linking to /docs/endpointpolicymanager/troubleshooting/tips/eventcategories.md
- Broken link on source page path = /integration/azurevirutaldesktop:
   -> linking to /docs/endpointpolicymanager/resources/video-tutorials/cloud/jointoken.md
- Broken link on source page path = /integration/privilegesecure/gettingstarted/client:
   -> linking to /docs/endpointpolicymanager/resources/video-tutorials/leastprivilege/integration/privilegesecure.md
- Broken link on source page path = /integration/privilegesecure/gettingstarted/gui:
   -> linking to /docs/endpointpolicymanager/resources/video-tutorials/leastprivilege/integration/privilegesecure.md
- Broken link on source page path = /integration/privilegesecure/gettingstarted/together:
   -> linking to /docs/endpointpolicymanager/resources/video-tutorials/leastprivilege/integration/privilegesecureclient.md
- Broken link on source page path = /integration/privilegesecure/overview:
   -> linking to /docs/endpointpolicymanager/resources/video-tutorials/leastprivilege/integration/privilegesecure.md
- Broken link on source page path = /integration/servicenow:
   -> linking to /docs/endpointpolicymanager/resources/video-tutorials/leastprivilege/longcodes.md
- Broken link on source page path = /integration/vdisolutions:
   -> linking to /docs/endpointpolicymanager/resources/video-tutorials/cloud/jointoken.md
- Broken link on source page path = /itemleveltargeting/entraidgroups:
   -> linking to /docs/endpointpolicymanager/resources/video-tutorials.md
- Broken link on source page path = /javaenterpriserules/gettingstarted:
   -> linking to /docs/endpointpolicymanager/resources/video-tutorials/javaenterpriserules/cloud.md
   -> linking to /docs/endpointpolicymanager/application-management/java-enterprise-rules/itemleveltargeting.md
   -> linking to /docs/endpointpolicymanager/application-management/java-enterprise-rules/prompts/overview.md
- Broken link on source page path = /javaenterpriserules/overview:
   -> linking to /docs/endpointpolicymanager/getting-started/quickstart/overviewinstall.md
   -> linking to /docs/endpointpolicymanager/cloud-and-remote-management/mdm-integration/uemtools.md
   -> linking to /docs/endpointpolicymanager/resources/video-tutorials/javaenterpriserules/cloud.md
   -> linking to /docs/endpointpolicymanager/application-management/java-enterprise-rules/exportcollections.md
- Broken link on source page path = /javaenterpriserules/overview/knowledgebase:
   -> linking to /docs/endpointpolicymanager/application-management/java-enterprise-rules/wildcards.md
   -> linking to /docs/endpointpolicymanager/application-management/java-enterprise-rules/virtualizedbrowsers.md
   -> linking to /docs/endpointpolicymanager/application-management/java-enterprise-rules/evaluateurls.md
   -> linking to /docs/endpointpolicymanager/platform-specific/windows-requirements/support/javaenterpriserules/version64bit.md
   -> linking to /docs/endpointpolicymanager/platform-specific/windows-requirements/support/javaenterpriserules/versionjava.md
- Broken link on source page path = /javaenterpriserules/overview/videolearningcenter:
   -> linking to /docs/endpointpolicymanager/resources/video-tutorials/javaenterpriserules/gettingstarted.md
   -> linking to /docs/endpointpolicymanager/resources/video-tutorials/javaenterpriserules/browserrouter.md
   -> linking to /docs/endpointpolicymanager/resources/video-tutorials/javaenterpriserules/block.md
   -> linking to /docs/endpointpolicymanager/resources/video-tutorials/javaenterpriserules/itemleveltargeting.md
   -> linking to /docs/endpointpolicymanager/resources/video-tutorials/javaenterpriserules/oracledeploymentrulesets.md
   -> linking to /docs/endpointpolicymanager/resources/video-tutorials/javaenterpriserules/integration/pdqdeploy.md
   -> linking to /docs/endpointpolicymanager/resources/video-tutorials/javaenterpriserules/versionsmultiple.md
   -> linking to /docs/endpointpolicymanager/resources/video-tutorials/javaenterpriserules/cloud.md
   -> linking to /docs/endpointpolicymanager/resources/video-tutorials/javaenterpriserules/sccm.md
   -> linking to /docs/endpointpolicymanager/resources/video-tutorials/javaenterpriserules/mdm.md
   -> linking to /docs/endpointpolicymanager/resources/video-tutorials/javaenterpriserules/xmlsurgery.md
- Broken link on source page path = /javaenterpriserules/prompts/firefoxinternetexplorer:
   -> linking to /docs/endpointpolicymanager/resources/video-tutorials/applicationsettings/java/lockdown.md
- Broken link on source page path = /knowledgebase:
   -> linking to /docs/endpointpolicymanager/resources/knowledge-base.md
   -> linking to /docs/endpointpolicymanager/resources/video-tutorials.md
   -> linking to /docs/endpointpolicymanager/archive/archived-guides/overview.md
- Broken link on source page path = /leastprivilege/acltraverse:
   -> linking to /docs/endpointpolicymanager/resources/video-tutorials/leastprivilege/acltraverse/modifyhosts.md
   -> linking to /docs/endpointpolicymanager/resources/video-tutorials/leastprivilege/acltraverse/deleteicons.md
   -> linking to /docs/endpointpolicymanager/resources/video-tutorials/leastprivilege/acltraverse/ntfspermissions.md
   -> linking to /docs/endpointpolicymanager/resources/video-tutorials/leastprivilege/acltraverse/registry.md
- Broken link on source page path = /leastprivilege/adminapproval/avoidpopups:
   -> linking to /docs/endpointpolicymanager/resources/video-tutorials/leastprivilege/adminapproval/enforce.md
- Broken link on source page path = /leastprivilege/adminapproval/gettingstarted:
   -> linking to /docs/endpointpolicymanager/resources/video-tutorials/leastprivilege/adminapproval/demo.md
- Broken link on source page path = /leastprivilege/adminapproval/useemail:
   -> linking to /docs/endpointpolicymanager/resources/video-tutorials/leastprivilege/longcodes.md
   -> linking to /docs/endpointpolicymanager/resources/video-tutorials/leastprivilege/adminapproval/email.md
- Broken link on source page path = /leastprivilege/bestpractices/childprocesses:
   -> linking to /docs/endpointpolicymanager/resources/video-tutorials/leastprivilege/bestpractices/securitychildprocesses.md
- Broken link on source page path = /leastprivilege/bestpractices/dontelevate:
   -> linking to /docs/endpointpolicymanager/resources/video-tutorials/leastprivilege/bestpractices/opensavedialogs.md
- Broken link on source page path = /leastprivilege/bestpractices/overview:
   -> linking to /docs/endpointpolicymanager/resources/video-tutorials/leastprivilege/bestpractices/elevatinguserbasedinstalls.md
- Broken link on source page path = /leastprivilege/bestpractices/rules/commandline:
   -> linking to /docs/endpointpolicymanager/resources/video-tutorials/leastprivilege/preventusercommands.md
- Broken link on source page path = /leastprivilege/bestpractices/rules/executablecombo:
   -> linking to /docs/endpointpolicymanager/resources/video-tutorials/leastprivilege/securitycomborules.md
- Broken link on source page path = /leastprivilege/brandcustomize:
   -> linking to /docs/endpointpolicymanager/resources/video-tutorials/leastprivilege/branding.md
- Broken link on source page path = /leastprivilege/deny/dlls:
   -> linking to /docs/endpointpolicymanager/security-and-privilege-management/least-privilege-manager/powershell/maliciousattacks.md
- Broken link on source page path = /leastprivilege/deny/standard:
   -> linking to /docs/endpointpolicymanager/resources/video-tutorials/leastprivilege/applicationcontrol.md
- Broken link on source page path = /leastprivilege/deny/windowsuniversal:
   -> linking to /docs/endpointpolicymanager/resources/video-tutorials/leastprivilege/windowsuniversalapplications.md
- Broken link on source page path = /leastprivilege/digitalsignature:
   -> linking to /docs/endpointpolicymanager/resources/video-tutorials/leastprivilege/securitycomborules.md
- Broken link on source page path = /leastprivilege/elevate/activexitems:
   -> linking to /docs/endpointpolicymanager/resources/video-tutorials/leastprivilege/uacpromptsactivex.md
- Broken link on source page path = /leastprivilege/elevate/applicationextension:
   -> linking to /docs/endpointpolicymanager/resources/video-tutorials/leastprivilege/bestpractices/elevatinguserbasedinstalls.md
- Broken link on source page path = /leastprivilege/elevate/com_cslidclass:
   -> linking to /docs/endpointpolicymanager/resources/video-tutorials/leastprivilege/comsupport.md
- Broken link on source page path = /leastprivilege/elevate/executables:
   -> linking to /docs/endpointpolicymanager/resources/video-tutorials/leastprivilege/localadminrights.md
   -> linking to /docs/endpointpolicymanager/integrations/third-party-integrations/privilegesecure/overview.md
   -> linking to /docs/endpointpolicymanager/security-and-privilege-management/least-privilege-manager/rules/apply/ondemand.md
   -> linking to /docs/endpointpolicymanager/security-and-privilege-management/least-privilege-manager/bestpractices/overviewmisc.md
- Broken link on source page path = /leastprivilege/elevate/installers:
   -> linking to /docs/endpointpolicymanager/resources/video-tutorials/troubleshooting/admxfiles.md
- Broken link on source page path = /leastprivilege/elevate/installfonts:
   -> linking to /docs/endpointpolicymanager/resources/video-tutorials/leastprivilege/elevate/installfonts.md
- Broken link on source page path = /leastprivilege/elevate/javajarfiles:
   -> linking to /docs/endpointpolicymanager/resources/video-tutorials/leastprivilege/elevate/scripts.md
- Broken link on source page path = /leastprivilege/elevate/msiinstallerfiles:
   -> linking to /docs/endpointpolicymanager/security-and-privilege-management/least-privilege-manager/bestpractices/overviewmisc.md
- Broken link on source page path = /leastprivilege/elevate/printerdriverinstall:
   -> linking to /docs/endpointpolicymanager/resources/video-tutorials/leastprivilege/uacprompts.md
   -> linking to /docs/endpointpolicymanager/resources/video-tutorials/leastprivilege/toolssetup.md
   -> linking to /docs/endpointpolicymanager/resources/video-tutorials/leastprivilege/helperdesktopshortcut.md
   -> linking to /docs/endpointpolicymanager/resources/video-tutorials/leastprivilege/ntprintdialog.md
   -> linking to /docs/endpointpolicymanager/resources/video-tutorials/leastprivilege/wingui.md
- Broken link on source page path = /leastprivilege/elevate/scripts:
   -> linking to /docs/endpointpolicymanager/resources/video-tutorials/leastprivilege/elevate/scripts.md
- Broken link on source page path = /leastprivilege/elevate/windowsdefender:
   -> linking to /docs/endpointpolicymanager/security-and-privilege-management/least-privilege-manager/elevate/mmcsnapin.md
- Broken link on source page path = /leastprivilege/events/createpolicy/audit:
   -> linking to /docs/endpointpolicymanager/resources/video-tutorials/leastprivilege/cloudevents.md
   -> linking to /docs/endpointpolicymanager/resources/video-tutorials/leastprivilege/globalauditevent.md
- Broken link on source page path = /leastprivilege/events/createpolicy/cloud:
   -> linking to /docs/endpointpolicymanager/troubleshooting/tips/eventcategories.md
- Broken link on source page path = /leastprivilege/events/operational:
   -> linking to /docs/endpointpolicymanager/troubleshooting/tips/eventcategories.md
- Broken link on source page path = /leastprivilege/events/overview:
   -> linking to /docs/endpointpolicymanager/resources/video-tutorials/leastprivilege/events.md
   -> linking to /docs/endpointpolicymanager/resources/video-tutorials/leastprivilege/discovery.md
   -> linking to /docs/endpointpolicymanager/security-and-privilege-management/least-privilege-manager/windowseventforwarding.md
   -> linking to /docs/endpointpolicymanager/integrations/third-party-integrations/auditor/reports.md
   -> linking to /docs/endpointpolicymanager/troubleshooting/tips/eventlogs.md
   -> linking to /docs/endpointpolicymanager/resources/video-tutorials/leastprivilege/cloudevents.md
- Broken link on source page path = /leastprivilege/export:
   -> linking to /docs/endpointpolicymanager/cloud-and-remote-management/mdm-integration/overview.md
   -> linking to /docs/endpointpolicymanager/resources/video-tutorials/leastprivilege/cloudrules.md
   -> linking to /docs/endpointpolicymanager/resources/video-tutorials/leastprivilege/mdm.md
- Broken link on source page path = /leastprivilege/itemleveltargeting:
   -> linking to /docs/endpointpolicymanager/resources/video-tutorials/leastprivilege/itemleveltargeting.md
   -> linking to /docs/endpointpolicymanager/resources/video-tutorials/leastprivilege/userfilter.md
- Broken link on source page path = /leastprivilege/mac/logs:
   -> linking to /docs/endpointpolicymanager/cloud-and-remote-management/cloud-management/eventcollection/childgroups.md
- Broken link on source page path = /leastprivilege/overview:
   -> linking to /docs/endpointpolicymanager/getting-started/quickstart/overviewinstall.md
   -> linking to /docs/endpointpolicymanager/cloud-and-remote-management/mdm-integration/overview.md
   -> linking to /docs/endpointpolicymanager/resources/video-tutorials/leastprivilege/localadminrights.md
   -> linking to /docs/endpointpolicymanager/resources/video-tutorials/leastprivilege/mdm.md
   -> linking to /docs/endpointpolicymanager/resources/video-tutorials/leastprivilege/integration/pdqdeploy.md
   -> linking to /docs/endpointpolicymanager/resources/video-tutorials/leastprivilege/cloudrules.md
- Broken link on source page path = /leastprivilege/overview/knowledgebase:
   -> linking to /docs/endpointpolicymanager/security-and-privilege-management/least-privilege-manager/license.md
   -> linking to /docs/endpointpolicymanager/security-and-privilege-management/least-privilege-manager/accountelevatedprocess.md
   -> linking to /docs/endpointpolicymanager/security-and-privilege-management/least-privilege-manager/macroattacks.md
   -> linking to /docs/endpointpolicymanager/security-and-privilege-management/least-privilege-manager/digitalsignature.md
   -> linking to /docs/endpointpolicymanager/integrations/third-party-integrations/applocker.md
   -> linking to /docs/endpointpolicymanager/security-and-privilege-management/least-privilege-manager/runasadmin.md
   -> linking to /docs/endpointpolicymanager/security-and-privilege-management/least-privilege-manager/synapticspointingdevicedriver.md
   -> linking to /docs/endpointpolicymanager/security-and-privilege-management/least-privilege-manager/elevate/installfonts.md
   -> linking to /docs/endpointpolicymanager/security-and-privilege-management/least-privilege-manager/elevate/mmcsnapin.md
   -> linking to /docs/endpointpolicymanager/security-and-privilege-management/least-privilege-manager/elevate/registry.md
   -> linking to /docs/endpointpolicymanager/security-and-privilege-management/least-privilege-manager/elevate/windowsdefender.md
   -> linking to /docs/endpointpolicymanager/security-and-privilege-management/least-privilege-manager/elevate/installers.md
   -> linking to /docs/endpointpolicymanager/security-and-privilege-management/least-privilege-manager/editrights.md
   -> linking to /docs/endpointpolicymanager/security-and-privilege-management/least-privilege-manager/elevate/applicationextension.md
   -> linking to /docs/endpointpolicymanager/security-and-privilege-management/least-privilege-manager/elevate/mspfiles.md
   -> linking to /docs/endpointpolicymanager/security-and-privilege-management/least-privilege-manager/elevate/allfiles.md
   -> linking to /docs/endpointpolicymanager/security-and-privilege-management/least-privilege-manager/securerun/allowinlinecommands.md
   -> linking to /docs/endpointpolicymanager/security-and-privilege-management/least-privilege-manager/securerun/setup.md
   -> linking to /docs/endpointpolicymanager/security-and-privilege-management/least-privilege-manager/securerun/enablepowershell.md
   -> linking to /docs/endpointpolicymanager/security-and-privilege-management/least-privilege-manager/securerun/blockedscripttypes.md
   -> linking to /docs/endpointpolicymanager/security-and-privilege-management/least-privilege-manager/securerun/webex.md
   -> linking to /docs/endpointpolicymanager/security-and-privilege-management/least-privilege-manager/securerun/mykipasswordmanager.md
   -> linking to /docs/endpointpolicymanager/security-and-privilege-management/least-privilege-manager/securerun/chromeextension.md
   -> linking to /docs/endpointpolicymanager/security-and-privilege-management/least-privilege-manager/securerun/bestpractices.md
   -> linking to /docs/endpointpolicymanager/security-and-privilege-management/least-privilege-manager/securerun/adminapprovalwork.md
   -> linking to /docs/endpointpolicymanager/security-and-privilege-management/least-privilege-manager/reduceadminrights.md
   -> linking to /docs/endpointpolicymanager/security-and-privilege-management/least-privilege-manager/elevate/dragdrop.md
   -> linking to /docs/endpointpolicymanager/security-and-privilege-management/least-privilege-manager/policyeditor/scope.md
   -> linking to /docs/endpointpolicymanager/security-and-privilege-management/least-privilege-manager/policyeditor/activexcontrol.md
   -> linking to /docs/endpointpolicymanager/security-and-privilege-management/least-privilege-manager/powershell/maliciousattacks.md
   -> linking to /docs/endpointpolicymanager/integrations/third-party-integrations/servicenow.md
   -> linking to /docs/endpointpolicymanager/security-and-privilege-management/least-privilege-manager/policyeditor/selfelevation.md
   -> linking to /docs/endpointpolicymanager/security-and-privilege-management/least-privilege-manager/policyeditor/optionsshowpopupmessage.md
   -> linking to /docs/endpointpolicymanager/security-and-privilege-management/least-privilege-manager/custommenuitemtext.md
   -> linking to /docs/endpointpolicymanager/security-and-privilege-management/least-privilege-manager/elevate/singlelinecommands.md
   -> linking to /docs/endpointpolicymanager/security-and-privilege-management/least-privilege-manager/elevate/printerdriverinstall.md
   -> linking to /docs/endpointpolicymanager/security-and-privilege-management/least-privilege-manager/windowseventforwarding.md
   -> linking to /docs/endpointpolicymanager/integrations/third-party-integrations/auditor/reports.md
   -> linking to /docs/endpointpolicymanager/integrations/third-party-integrations/privilegesecure/mmc.md
   -> linking to /docs/endpointpolicymanager/integrations/third-party-integrations/createpolicies.md
- Broken link on source page path = /leastprivilege/overview/videolearningcenter:
   -> linking to /docs/endpointpolicymanager/resources/video-tutorials/leastprivilege/localadminrights.md
   -> linking to /docs/endpointpolicymanager/resources/video-tutorials/leastprivilege/removelocaladmin.md
   -> linking to /docs/endpointpolicymanager/resources/video-tutorials/leastprivilege/userfilter.md
   -> linking to /docs/endpointpolicymanager/resources/video-tutorials/leastprivilege/installapplications.md
   -> linking to /docs/endpointpolicymanager/resources/video-tutorials/leastprivilege/autorulesgeneratortool.md
   -> linking to /docs/endpointpolicymanager/resources/video-tutorials/leastprivilege/applicationcontrol.md
   -> linking to /docs/endpointpolicymanager/resources/video-tutorials/leastprivilege/securerun/feature.md
   -> linking to /docs/endpointpolicymanager/resources/video-tutorials/leastprivilege/comsupport.md
   -> linking to /docs/endpointpolicymanager/resources/video-tutorials/leastprivilege/uacpromptsactivex.md
   -> linking to /docs/endpointpolicymanager/resources/video-tutorials/leastprivilege/elevate/scripts.md
   -> linking to /docs/endpointpolicymanager/resources/video-tutorials/leastprivilege/elevate/installfonts.md
   -> linking to /docs/endpointpolicymanager/resources/video-tutorials/leastprivilege/windowsuniversalapplications.md
   -> linking to /docs/endpointpolicymanager/resources/video-tutorials/leastprivilege/securitycomborules.md
   -> linking to /docs/endpointpolicymanager/resources/video-tutorials/leastprivilege/denymessages.md
   -> linking to /docs/endpointpolicymanager/resources/video-tutorials/leastprivilege/preventedge.md
   -> linking to /docs/endpointpolicymanager/resources/video-tutorials/leastprivilege/securerun/stopransomware.md
   -> linking to /docs/endpointpolicymanager/resources/video-tutorials/leastprivilege/securerun/preventunsigned.md
   -> linking to /docs/endpointpolicymanager/resources/video-tutorials/leastprivilege/itemleveltargeting.md
   -> linking to /docs/endpointpolicymanager/resources/video-tutorials/leastprivilege/cloudrules.md
   -> linking to /docs/endpointpolicymanager/resources/video-tutorials/leastprivilege/mdm.md
   -> linking to /docs/endpointpolicymanager/resources/video-tutorials/leastprivilege/integration/pdqdeploy.md
   -> linking to /docs/endpointpolicymanager/resources/video-tutorials/leastprivilege/integration/pdqdeployblockmalware.md
   -> linking to /docs/endpointpolicymanager/resources/video-tutorials/leastprivilege/bestpractices/elevatinguserbasedinstalls.md
   -> linking to /docs/endpointpolicymanager/resources/video-tutorials/leastprivilege/bestpractices/elevateuwp.md
   -> linking to /docs/endpointpolicymanager/resources/video-tutorials/leastprivilege/bestpractices/msi.md
   -> linking to /docs/endpointpolicymanager/resources/video-tutorials/leastprivilege/bestpractices/securitychildprocesses.md
   -> linking to /docs/endpointpolicymanager/resources/video-tutorials/leastprivilege/bestpractices/opensavedialogs.md
   -> linking to /docs/endpointpolicymanager/resources/video-tutorials/leastprivilege/bestpractices/wildcards.md
   -> linking to /docs/endpointpolicymanager/resources/video-tutorials/leastprivilege/bestpractices/serviceaccountrights.md
   -> linking to /docs/endpointpolicymanager/resources/video-tutorials/leastprivilege/bestpractices/powershellblock.md
   -> linking to /docs/endpointpolicymanager/resources/video-tutorials/leastprivilege/bestpractices/securerun/usersystemexecutables.md
   -> linking to /docs/endpointpolicymanager/resources/video-tutorials/leastprivilege/bestpractices/appblock.md
   -> linking to /docs/endpointpolicymanager/resources/video-tutorials/leastprivilege/bestpractices/selfelevatemode.md
   -> linking to /docs/endpointpolicymanager/resources/video-tutorials/leastprivilege/acltraverse/deleteicons.md
   -> linking to /docs/endpointpolicymanager/resources/video-tutorials/leastprivilege/acltraverse/modifyhosts.md
   -> linking to /docs/endpointpolicymanager/resources/video-tutorials/leastprivilege/acltraverse/ntfspermissions.md
   -> linking to /docs/endpointpolicymanager/resources/video-tutorials/leastprivilege/acltraverse/registry.md
   -> linking to /docs/endpointpolicymanager/resources/video-tutorials/leastprivilege/adminapproval/demo.md
   -> linking to /docs/endpointpolicymanager/resources/video-tutorials/leastprivilege/longcodes.md
   -> linking to /docs/endpointpolicymanager/resources/video-tutorials/leastprivilege/adminapproval/enforce.md
   -> linking to /docs/endpointpolicymanager/resources/video-tutorials/leastprivilege/adminapproval/email.md
   -> linking to /docs/endpointpolicymanager/resources/video-tutorials/leastprivilege/selfelevatemode/demo.md
   -> linking to /docs/endpointpolicymanager/resources/video-tutorials/leastprivilege/selfelevatemode/reauthenticate.md
   -> linking to /docs/endpointpolicymanager/resources/video-tutorials/leastprivilege/applyondemand.md
   -> linking to /docs/endpointpolicymanager/resources/video-tutorials/leastprivilege/securecopy.md
   -> linking to /docs/endpointpolicymanager/resources/video-tutorials/leastprivilege/branding.md
   -> linking to /docs/endpointpolicymanager/resources/video-tutorials/leastprivilege/autorulesfromadmin.md
   -> linking to /docs/endpointpolicymanager/resources/video-tutorials/leastprivilege/uacprompts.md
   -> linking to /docs/endpointpolicymanager/resources/video-tutorials/leastprivilege/toolssetup.md
   -> linking to /docs/endpointpolicymanager/resources/video-tutorials/leastprivilege/helperdesktopshortcut.md
   -> linking to /docs/endpointpolicymanager/resources/video-tutorials/leastprivilege/ntprintdialog.md
   -> linking to /docs/endpointpolicymanager/resources/video-tutorials/leastprivilege/wingui.md
   -> linking to /docs/endpointpolicymanager/resources/video-tutorials/leastprivilege/events.md
   -> linking to /docs/endpointpolicymanager/resources/video-tutorials/leastprivilege/discovery.md
   -> linking to /docs/endpointpolicymanager/resources/video-tutorials/leastprivilege/cloudevents.md
   -> linking to /docs/endpointpolicymanager/resources/video-tutorials/leastprivilege/windowseventforwarding.md
   -> linking to /docs/endpointpolicymanager/resources/video-tutorials/leastprivilege/globalauditevent.md
   -> linking to /docs/endpointpolicymanager/resources/video-tutorials/leastprivilege/winget.md
   -> linking to /docs/endpointpolicymanager/resources/video-tutorials/leastprivilege/printeruacprompts.md
   -> linking to /docs/endpointpolicymanager/resources/video-tutorials/leastprivilege/microsoftrecommendations.md
   -> linking to /docs/endpointpolicymanager/resources/video-tutorials/leastprivilege/denyselfelevate.md
   -> linking to /docs/endpointpolicymanager/resources/video-tutorials/leastprivilege/integration/privilegesecure.md
   -> linking to /docs/endpointpolicymanager/resources/video-tutorials/leastprivilege/integration/privilegesecureclient.md
   -> linking to /docs/endpointpolicymanager/resources/video-tutorials/leastprivilege/integration/selfelevatemode.md
   -> linking to /docs/endpointpolicymanager/resources/video-tutorials/leastprivilege/integration/license.md
   -> linking to /docs/endpointpolicymanager/resources/video-tutorials/leastprivilege/mac/cloudinstall.md
   -> linking to /docs/endpointpolicymanager/resources/video-tutorials/leastprivilege/mac/macjointoken.md
   -> linking to /docs/endpointpolicymanager/resources/video-tutorials/leastprivilege/mac/applicationpackage.md
   -> linking to /docs/endpointpolicymanager/resources/video-tutorials/leastprivilege/mac/systemsettings.md
   -> linking to /docs/endpointpolicymanager/resources/video-tutorials/leastprivilege/mac/sudosupport.md
   -> linking to /docs/endpointpolicymanager/resources/video-tutorials/leastprivilege/mac/wildcards.md
   -> linking to /docs/endpointpolicymanager/resources/video-tutorials/leastprivilege/mac/applicationlaunch.md
   -> linking to /docs/endpointpolicymanager/resources/video-tutorials/leastprivilege/mac/eventscollector.md
   -> linking to /docs/endpointpolicymanager/resources/video-tutorials/leastprivilege/mac/adminapproval.md
   -> linking to /docs/endpointpolicymanager/resources/video-tutorials/leastprivilege/mac/mountunmountpart1.md
   -> linking to /docs/endpointpolicymanager/resources/video-tutorials/leastprivilege/mac/mountunmounpart2.md
   -> linking to /docs/endpointpolicymanager/resources/video-tutorials/leastprivilege/mac/finder.md
   -> linking to /docs/endpointpolicymanager/resources/video-tutorials/leastprivilege/mac/privilege.md
   -> linking to /docs/endpointpolicymanager/resources/video-tutorials/leastprivilege/mac/collectdiagnostics.md
- Broken link on source page path = /leastprivilege/policyeditor/scope:
   -> linking to /docs/endpointpolicymanager/resources/video-tutorials/leastprivilege/bestpractices/securerun/usersystemexecutables.md
   -> linking to /docs/endpointpolicymanager/resources/video-tutorials/leastprivilege/bestpractices/powershellblock.md
   -> linking to /docs/endpointpolicymanager/resources/video-tutorials/leastprivilege/bestpractices/appblock.md
   -> linking to /docs/endpointpolicymanager/resources/video-tutorials/leastprivilege/bestpractices/serviceaccountrights.md
- Broken link on source page path = /leastprivilege/pplpmimplementationguide:
   -> linking to /docs/endpointpolicymanager/getting-started/quickstart/overviewinstall.md
   -> linking to /docs/endpointpolicymanager/getting-started/quickstart/overview.md
   -> linking to /docs/endpointpolicymanager/resources/video-tutorials/gettingstarted/solutionmethods.md
   -> linking to /docs/endpointpolicymanager/licensing/trial.md
   -> linking to /docs/endpointpolicymanager/resources/video-tutorials/license/installuniversal.md
   -> linking to /docs/endpointpolicymanager/resources/video-tutorials/cloud/testlab/start.md
   -> linking to /docs/endpointpolicymanager/resources/video-tutorials.md
   -> linking to /docs/endpointpolicymanager/resources/video-tutorials/leastprivilege/mdm.md
   -> linking to /docs/endpointpolicymanager/resources/video-tutorials/leastprivilege/localadminrights.md
   -> linking to /docs/endpointpolicymanager/resources/video-tutorials/leastprivilege/uacprompts.md
   -> linking to /docs/endpointpolicymanager/resources/video-tutorials/leastprivilege/comsupport.md
   -> linking to /docs/endpointpolicymanager/resources/video-tutorials/leastprivilege/installapplications.md
   -> linking to /docs/endpointpolicymanager/resources/video-tutorials/leastprivilege/bestpractices/elevatinguserbasedinstalls.md
   -> linking to /docs/endpointpolicymanager/resources/video-tutorials/leastprivilege/bestpractices/securitychildprocesses.md
   -> linking to /docs/endpointpolicymanager/resources/video-tutorials/leastprivilege/bestpractices/opensavedialogs.md
   -> linking to /docs/endpointpolicymanager/resources/video-tutorials/leastprivilege/bestpractices/wildcards.md
   -> linking to /docs/endpointpolicymanager/resources/video-tutorials/leastprivilege/integration/privilegesecureclient.md
   -> linking to /docs/endpointpolicymanager/resources/video-tutorials/leastprivilege/events.md
   -> linking to /docs/endpointpolicymanager/resources/video-tutorials/leastprivilege/cloudevents.md
   -> linking to /docs/endpointpolicymanager/integrations/third-party-integrations/auditor/reports.md
   -> linking to /docs/endpointpolicymanager/security-and-privilege-management/least-privilege-manager/windowseventforwarding.md
   -> linking to /docs/endpointpolicymanager/troubleshooting/tips/eventlogs.md
   -> linking to /docs/endpointpolicymanager/resources/video-tutorials/leastprivilege/removelocaladmin.md
   -> linking to /docs/endpointpolicymanager/resources/video-tutorials/leastprivilege/globalauditevent.md
   -> linking to /docs/endpointpolicymanager/resources/video-tutorials/leastprivilege/adminapproval/demo.md
   -> linking to /docs/endpointpolicymanager/resources/video-tutorials/leastprivilege/branding.md
   -> linking to /docs/endpointpolicymanager/resources/video-tutorials/leastprivilege/selfelevatemode/demo.md
   -> linking to /docs/endpointpolicymanager/resources/video-tutorials/leastprivilege/selfelevatemode/reauthenticate.md
   -> linking to /docs/endpointpolicymanager/resources/video-tutorials/leastprivilege/securerun/feature.md
   -> linking to /docs/endpointpolicymanager/security-and-privilege-management/least-privilege-manager/securerun/allowinlinecommands.md
   -> linking to /docs/endpointpolicymanager/resources/video-tutorials/grouppolicy/explained.md
   -> linking to /docs/endpointpolicymanager/resources/video-tutorials/leastprivilege/discovery.md
   -> linking to /docs/endpointpolicymanager/resources/video-tutorials/cloud/introduction.md
   -> linking to /docs/endpointpolicymanager/resources/video-tutorials/mdm/testsample.md
- Broken link on source page path = /leastprivilege/preconfiguredxmls:
   -> linking to /docs/endpointpolicymanager/resources/video-tutorials/leastprivilege/installapplications.md
   -> linking to /docs/endpointpolicymanager/resources/video-tutorials/leastprivilege/ntprintdialog.md
   -> linking to /docs/endpointpolicymanager/resources/video-tutorials/leastprivilege/wingui.md
- Broken link on source page path = /leastprivilege/preferences:
   -> linking to /docs/endpointpolicymanager/resources/video-tutorials/leastprivilege/removelocaladmin.md
- Broken link on source page path = /leastprivilege/reauthentication:
   -> linking to /docs/endpointpolicymanager/resources/video-tutorials/leastprivilege/bestpractices/selfelevatemode.md
   -> linking to /docs/endpointpolicymanager/resources/video-tutorials/leastprivilege/selfelevatemode/reauthenticate.md
- Broken link on source page path = /leastprivilege/rules/apply/ondemand:
   -> linking to /docs/endpointpolicymanager/resources/video-tutorials/leastprivilege/applyondemand.md
   -> linking to /docs/endpointpolicymanager/security-and-privilege-management/least-privilege-manager/bestpractices/overviewmisc.md
- Broken link on source page path = /leastprivilege/rules/apply/selfelevation:
   -> linking to /docs/endpointpolicymanager/resources/video-tutorials/leastprivilege/bestpractices/selfelevatemode.md
- Broken link on source page path = /leastprivilege/rules/customizedtoken:
   -> linking to /docs/endpointpolicymanager/resources/video-tutorials/leastprivilege/bestpractices/serviceaccountrights.md
   -> linking to /docs/endpointpolicymanager/security-and-privilege-management/least-privilege-manager/elevate/dragdrop.md
- Broken link on source page path = /leastprivilege/rules/overview:
   -> linking to /docs/endpointpolicymanager/integrations/third-party-integrations/privilegesecure/overview.md
- Broken link on source page path = /leastprivilege/runasadmin:
   -> linking to /docs/endpointpolicymanager/resources/video-tutorials/leastprivilege/ntprintdialog.md
   -> linking to /docs/endpointpolicymanager/resources/video-tutorials/leastprivilege/wingui.md
   -> linking to /docs/endpointpolicymanager/resources/video-tutorials/troubleshooting/admxfiles.md
   -> linking to /docs/endpointpolicymanager/resources/video-tutorials.md
- Broken link on source page path = /leastprivilege/scopefilters/blockadmins:
   -> linking to /docs/endpointpolicymanager/resources/video-tutorials/leastprivilege/bestpractices/appblock.md
- Broken link on source page path = /leastprivilege/scopefilters/blockapp:
   -> linking to /docs/endpointpolicymanager/resources/video-tutorials/leastprivilege/bestpractices/powershellblock.md
- Broken link on source page path = /leastprivilege/scopefilters/elevateserviceaccount:
   -> linking to /docs/endpointpolicymanager/resources/video-tutorials/leastprivilege/bestpractices/serviceaccountrights.md
- Broken link on source page path = /leastprivilege/scopefilters/enhancedsecurerun:
   -> linking to /docs/endpointpolicymanager/resources/video-tutorials/leastprivilege/bestpractices/securerun/usersystemexecutables.md
- Broken link on source page path = /leastprivilege/securecopy:
   -> linking to /docs/endpointpolicymanager/resources/video-tutorials/leastprivilege/securecopy.md
- Broken link on source page path = /leastprivilege/securerun/avoiduac:
   -> linking to /docs/endpointpolicymanager/security-and-privilege-management/least-privilege-manager/bestpractices/rules/executablecombo.md
- Broken link on source page path = /leastprivilege/securerun/bestpractices:
   -> linking to /docs/endpointpolicymanager/resources/video-tutorials/leastprivilege/discovery.md
   -> linking to /docs/endpointpolicymanager/resources/video-tutorials/leastprivilege/globalauditevent.md
   -> linking to /docs/endpointpolicymanager/resources/video-tutorials/leastprivilege/autorulesgeneratortool.md
   -> linking to /docs/endpointpolicymanager/resources/video-tutorials/leastprivilege/adminapproval/demo.md
   -> linking to /docs/endpointpolicymanager/resources/video-tutorials/leastprivilege/selfelevatemode/demo.md
- Broken link on source page path = /leastprivilege/securerun/blockedscripttypes:
   -> linking to /docs/endpointpolicymanager/security-and-privilege-management/least-privilege-manager/securerun/enablepowershell.md
- Broken link on source page path = /leastprivilege/securerun/overview:
   -> linking to /docs/endpointpolicymanager/resources/video-tutorials/leastprivilege/securerun/feature.md
   -> linking to /docs/endpointpolicymanager/resources/video-tutorials/leastprivilege/securerun/preventunsigned.md
   -> linking to /docs/endpointpolicymanager/resources/video-tutorials/leastprivilege/integration/pdqdeployblockmalware.md
- Broken link on source page path = /leastprivilege/securerun/setup:
   -> linking to /docs/endpointpolicymanager/resources/video-tutorials/leastprivilege/securerun/stopransomware.md
   -> linking to /docs/endpointpolicymanager/resources/video-tutorials/leastprivilege/autorulesgeneratortool.md
- Broken link on source page path = /leastprivilege/securerun/webex:
   -> linking to /docs/endpointpolicymanager/resources/knowledge-base.md
- Broken link on source page path = /leastprivilege/tool/helper/elevate:
   -> linking to /docs/endpointpolicymanager/resources/video-tutorials/leastprivilege/toolssetup.md
   -> linking to /docs/endpointpolicymanager/resources/video-tutorials/leastprivilege/helperdesktopshortcut.md
- Broken link on source page path = /leastprivilege/tool/helper/uacprompts:
   -> linking to /docs/endpointpolicymanager/resources/video-tutorials/leastprivilege/uacprompts.md
- Broken link on source page path = /leastprivilege/tool/rulesgenerator/automatic:
   -> linking to /docs/endpointpolicymanager/resources/video-tutorials/leastprivilege/autorulesgeneratortool.md
- Broken link on source page path = /leastprivilege/wildcards:
   -> linking to /docs/endpointpolicymanager/resources/video-tutorials/leastprivilege/bestpractices/wildcards.md
   -> linking to /docs/endpointpolicymanager/security-and-privilege-management/least-privilege-manager/bestpractices/overview.md
- Broken link on source page path = /license/activedirectory/domainmultiple:
   -> linking to /docs/endpointpolicymanager/resources/video-tutorials/license/installuniversal.md
- Broken link on source page path = /license/activedirectory/domainou:
   -> linking to /docs/endpointpolicymanager/resources/video-tutorials/applicationsettings/shares.md
- Broken link on source page path = /license/activedirectory/gpoedit:
   -> linking to /docs/endpointpolicymanager/licensing/activedirectory/wizard.md
   -> linking to /docs/endpointpolicymanager/resources/video-tutorials/applicationsettings/shares.md
- Broken link on source page path = /license/editpolicies:
   -> linking to /docs/endpointpolicymanager/resources/video-tutorials/cloud/admxsettings.md
   -> linking to /docs/endpointpolicymanager/resources/video-tutorials/cloud/admxfiles.md
- Broken link on source page path = /license/mdm/entraid:
   -> linking to /docs/endpointpolicymanager/licensing/unlicense/options.md
- Broken link on source page path = /license/mdm/hybrid:
   -> linking to /docs/endpointpolicymanager/resources/knowledge-base.md
   -> linking to /docs/endpointpolicymanager/resources/video-tutorials/cloud/quickstart.md
   -> linking to /docs/endpointpolicymanager/resources/video-tutorials/cloud/integration/onpremise.md
   -> linking to /docs/endpointpolicymanager/licensing/mdm/setup.md
   -> linking to /docs/endpointpolicymanager/resources/video-tutorials/mdm/testsample.md
   -> linking to /docs/endpointpolicymanager/resources/video-tutorials.md
- Broken link on source page path = /license/mdm/intune:
   -> linking to /docs/endpointpolicymanager/licensing/mdm/entraid.md
   -> linking to /docs/endpointpolicymanager/resources/video-tutorials/license/mdm.md
- Broken link on source page path = /license/mdm/setup:
   -> linking to /docs/endpointpolicymanager/resources/video-tutorials/license/licenserequestkey.md
   -> linking to /docs/endpointpolicymanager/licensing/mdm/entraid.md
- Broken link on source page path = /license/mdm/tool:
   -> linking to /docs/endpointpolicymanager/resources/video-tutorials/license/mdm.md
- Broken link on source page path = /license/overview/knowledgebase:
   -> linking to /docs/endpointpolicymanager/licensing/activedirectory/server.md
   -> linking to /docs/endpointpolicymanager/licensing/activedirectory/ou.md
   -> linking to /docs/endpointpolicymanager/licensing/activedirectory/ousub.md
   -> linking to /docs/endpointpolicymanager/licensing/activedirectory/domainou.md
   -> linking to /docs/endpointpolicymanager/licensing/activedirectory/gpoedit.md
   -> linking to /docs/endpointpolicymanager/licensing/activedirectory/domain.md
   -> linking to /docs/endpointpolicymanager/licensing/activedirectory/domainmultiple.md
   -> linking to /docs/endpointpolicymanager/licensing/activedirectory/scope.md
   -> linking to /docs/endpointpolicymanager/licensing/activedirectory/disabledcomputer.md
   -> linking to /docs/endpointpolicymanager/licensing/activedirectory/users.md
   -> linking to /docs/endpointpolicymanager/licensing/activedirectory/wizard.md
   -> linking to /docs/endpointpolicymanager/licensing/activedirectory/enforced.md
   -> linking to /docs/endpointpolicymanager/licensing/cloud/onpremise.md
   -> linking to /docs/endpointpolicymanager/licensing/cloud/notifications.md
   -> linking to /docs/endpointpolicymanager/licensing/cloud/licensestatus.md
   -> linking to /docs/endpointpolicymanager/licensing/cloud/billing.md
   -> linking to /docs/endpointpolicymanager/licensing/cloud/reclaimed.md
   -> linking to /docs/endpointpolicymanager/licensing/trial.md
   -> linking to /docs/endpointpolicymanager/licensing/tool.md
   -> linking to /docs/endpointpolicymanager/licensing/mdm/intune.md
   -> linking to /docs/endpointpolicymanager/cloud-and-remote-management/cloud-management/policy/edit.md
   -> linking to /docs/endpointpolicymanager/licensing/virtualization/terminalservices.md
   -> linking to /docs/endpointpolicymanager/licensing/virtualization/multisession.md
   -> linking to /docs/endpointpolicymanager/licensing/virtualization/tool.md
   -> linking to /docs/endpointpolicymanager/licensing/virtualization/count.md
   -> linking to /docs/endpointpolicymanager/licensing/virtualization/desktops.md
   -> linking to /docs/endpointpolicymanager/licensing/mdm/setup.md
   -> linking to /docs/endpointpolicymanager/licensing/mdm/entraid.md
   -> linking to /docs/endpointpolicymanager/licensing/mdm/domainmultiple.md
   -> linking to /docs/endpointpolicymanager/licensing/mdm/hybrid.md
   -> linking to /docs/endpointpolicymanager/licensing/mdm/jointype.md
   -> linking to /docs/endpointpolicymanager/licensing/mdm/tool.md
   -> linking to /docs/endpointpolicymanager/licensing/mdm/name.md
   -> linking to /docs/endpointpolicymanager/licensing/mdm/adminrights.md
   -> linking to /docs/endpointpolicymanager/licensing/universal.md
   -> linking to /docs/endpointpolicymanager/licensing/filemultiple.md
   -> linking to /docs/endpointpolicymanager/licensing/unlicense/components.md
   -> linking to /docs/endpointpolicymanager/licensing/unlicense/options.md
   -> linking to /docs/endpointpolicymanager/licensing/unlicense/componentscloud.md
   -> linking to /docs/endpointpolicymanager/licensing/unlicense/fileold.md
   -> linking to /docs/endpointpolicymanager/licensing/unlicense/componentsexclude.md
   -> linking to /docs/endpointpolicymanager/licensing/unlicense/reset.md
   -> linking to /docs/endpointpolicymanager/licensing/unlicense/forceddisabled.md
   -> linking to /docs/endpointpolicymanager/licensing/whenwhy.md
   -> linking to /docs/endpointpolicymanager/licensing/components.md
   -> linking to /docs/endpointpolicymanager/licensing/transition.md
- Broken link on source page path = /license/overview/videolearningcenter:
   -> linking to /docs/endpointpolicymanager/resources/video-tutorials/license/licenserequestkey.md
   -> linking to /docs/endpointpolicymanager/resources/video-tutorials/license/installuniversal.md
   -> linking to /docs/endpointpolicymanager/resources/video-tutorials/license/upgrades.md
   -> linking to /docs/endpointpolicymanager/resources/video-tutorials/license/legacy.md
   -> linking to /docs/endpointpolicymanager/resources/video-tutorials/license/unlicense.md
   -> linking to /docs/endpointpolicymanager/resources/video-tutorials/license/cleanup.md
   -> linking to /docs/endpointpolicymanager/resources/video-tutorials/license/mdm.md
- Broken link on source page path = /license/transition:
   -> linking to /docs/endpointpolicymanager/licensing/mdm/name.md
   -> linking to /docs/endpointpolicymanager/licensing/unlicense/componentsexclude.md
   -> linking to /docs/endpointpolicymanager/resources/video-tutorials/license/installuniversal.md
- Broken link on source page path = /license/trial:
   -> linking to /docs/endpointpolicymanager/resources/video-tutorials/license/licenserequestkey.md
   -> linking to /docs/endpointpolicymanager/resources/video-tutorials/cloud/testlab/renameendpoint.md
   -> linking to /docs/endpointpolicymanager/resources/knowledge-base.md
   -> linking to /docs/endpointpolicymanager/resources/video-tutorials.md
   -> linking to /docs/endpointpolicymanager/resources/video-tutorials/license/installuniversal.md
- Broken link on source page path = /license/unlicense/componentscloud:
   -> linking to /docs/endpointpolicymanager/resources/video-tutorials/license/unlicense.md
   -> linking to /docs/endpointpolicymanager/resources/video-tutorials/troubleshooting/admxfiles.md
- Broken link on source page path = /license/unlicense/componentsexclude:
   -> linking to /docs/endpointpolicymanager/licensing/unlicense/componentscloud.md
   -> linking to /docs/endpointpolicymanager/installation-and-deployment/clientsideextension/guids.md
- Broken link on source page path = /license/unlicense/fileold:
   -> linking to /docs/endpointpolicymanager/resources/video-tutorials/license/installuniversal.md
   -> linking to /docs/endpointpolicymanager/resources/video-tutorials/license/cleanup.md
- Broken link on source page path = /license/unlicense/forceddisabled:
   -> linking to /docs/endpointpolicymanager/resources/video-tutorials/license/unlicense.md
   -> linking to /docs/endpointpolicymanager/resources/video-tutorials/troubleshooting/admxfiles.md
   -> linking to /docs/endpointpolicymanager/licensing/unlicense/componentsexclude.md
- Broken link on source page path = /license/unlicense/options:
   -> linking to /docs/endpointpolicymanager/licensing/tool.md
- Broken link on source page path = /license/virtualization/tool:
   -> linking to /docs/endpointpolicymanager/licensing/virtualization/terminalservices.md
- Broken link on source page path = /license/whenwhy:
   -> linking to /docs/endpointpolicymanager/licensing/virtualization/multisession.md
   -> linking to /docs/endpointpolicymanager/resources/video-tutorials/administrativetemplates/reducegpos.md
   -> linking to /docs/endpointpolicymanager/resources/video-tutorials/applicationsettings/grouppolicy.md
   -> linking to /docs/endpointpolicymanager/resources/video-tutorials/applicationsettings/internetexplorer/settings.md
   -> linking to /docs/endpointpolicymanager/resources/video-tutorials/leastprivilege/applicationcontrol.md
   -> linking to /docs/endpointpolicymanager/resources/video-tutorials/leastprivilege/bestpractices/serviceaccountrights.md
   -> linking to /docs/endpointpolicymanager/resources/video-tutorials/leastprivilege/bestpractices/powershellblock.md
   -> linking to /docs/endpointpolicymanager/security-and-privilege-management/least-privilege-manager/reduceadminrights.md
   -> linking to /docs/endpointpolicymanager/resources/video-tutorials/scriptstriggers/scripttriggers.md
   -> linking to /docs/endpointpolicymanager/resources/video-tutorials/scriptstriggers/mapdrivetriggers.md
   -> linking to /docs/endpointpolicymanager/resources/video-tutorials/administrativetemplates/switchedpolicies.md
- Broken link on source page path = /licensing:
   -> linking to /docs/endpointpolicymanager/resources/video-tutorials/license/licenserequestkey.md
   -> linking to /docs/endpointpolicymanager/resources/video-tutorials/cloud/testlab/renameendpoint.md
   -> linking to /docs/endpointpolicymanager/licensing/mdm/setup.md
   -> linking to /docs/endpointpolicymanager/resources/video-tutorials/license/installuniversal.md
   -> linking to /docs/endpointpolicymanager/resources/video-tutorials/startscreentaskbar/nondomainjoined.md
- Broken link on source page path = /mac/applicationlaunch:
   -> linking to /docs/endpointpolicymanager/resources/video-tutorials/leastprivilege/mac/adminapproval.md
- Broken link on source page path = /mac/scenarios/launchcontrol:
   -> linking to /docs/endpointpolicymanager/resources/video-tutorials/leastprivilege/mac/applicationlaunch.md
- Broken link on source page path = /mac/scenarios/macfinder:
   -> linking to /docs/endpointpolicymanager/resources/video-tutorials/leastprivilege/mac/finder.md
- Broken link on source page path = /mac/scenarios/macprivhelper:
   -> linking to /docs/endpointpolicymanager/resources/video-tutorials/leastprivilege/mac/privilege.md
   -> linking to /docs/endpointpolicymanager/resources/video-tutorials/leastprivilege/mac/adminapproval.md
- Broken link on source page path = /mac/scenarios/mountunmount:
   -> linking to /docs/endpointpolicymanager/resources/video-tutorials/leastprivilege/mac/mountunmountpart1.md
   -> linking to /docs/endpointpolicymanager/resources/video-tutorials/leastprivilege/mac/mountunmounpart2.md
- Broken link on source page path = /mac/scenarios/packageinstallation:
   -> linking to /docs/endpointpolicymanager/resources/video-tutorials/leastprivilege/mac/applicationpackage.md
- Broken link on source page path = /mac/scenarios/sudo:
   -> linking to /docs/endpointpolicymanager/resources/video-tutorials/leastprivilege/mac/sudosupport.md
   -> linking to /docs/endpointpolicymanager/resources/video-tutorials/leastprivilege/mac/wildcards.md
- Broken link on source page path = /mac/scenarios/systemsettings:
   -> linking to /docs/endpointpolicymanager/resources/video-tutorials/leastprivilege/mac/systemsettings.md
- Broken link on source page path = /manuals:
   -> linking to /docs/endpointpolicymanager/getting-started/basic-concepts.md
   -> linking to /docs/endpointpolicymanager/getting-started/quickstart/overview.md
   -> linking to /docs/endpointpolicymanager/getting-started/quickstart/overviewinstall.md
   -> linking to /docs/endpointpolicymanager/cloud-and-remote-management/cloud-management/overview.md
   -> linking to /docs/endpointpolicymanager/cloud-and-remote-management/mdm-integration/overview.md
   -> linking to /docs/endpointpolicymanager/installation-and-deployment/upgrade/overview.md
   -> linking to /docs/endpointpolicymanager/security-and-privilege-management/least-privilege-manager/overview.md
   -> linking to /docs/endpointpolicymanager/security-and-privilege-management/least-privilege-manager/pplpmimplementationguide.md
   -> linking to /docs/endpointpolicymanager/platform-specific/mac-support/overview.md
   -> linking to /docs/endpointpolicymanager/device-and-desktop-management/device-manager/devicemanager/overview.md
   -> linking to /docs/endpointpolicymanager/application-management/application-settings/overview.md
   -> linking to /docs/endpointpolicymanager/application-management/browser-router/overview.md
   -> linking to /docs/endpointpolicymanager/application-management/java-enterprise-rules/overview.md
   -> linking to /docs/endpointpolicymanager/security-and-privilege-management/security-settings/overview.md
   -> linking to /docs/endpointpolicymanager/compliance-and-reporting/group-policy-compliance-reporter/overview.md
   -> linking to /docs/endpointpolicymanager/application-management/file-associations/overview.md
   -> linking to /docs/endpointpolicymanager/automation-and-scripting/feature-management/overview.md
   -> linking to /docs/endpointpolicymanager/device-and-desktop-management/start-screen-and-taskbar/overview.md
   -> linking to /docs/endpointpolicymanager/policy-management/administrative-templates/overview.md
   -> linking to /docs/endpointpolicymanager/policy-management/preferences/overview.md
   -> linking to /docs/endpointpolicymanager/cloud-and-remote-management/remote-work-delivery/overview.md
   -> linking to /docs/endpointpolicymanager/deployment-methods/software-packages/overview.md
   -> linking to /docs/endpointpolicymanager/automation-and-scripting/scripts-and-triggers/overview.md
   -> linking to /docs/endpointpolicymanager/device-and-desktop-management/remote-desktop-protocol/overview.md
   -> linking to /docs/endpointpolicymanager/automation-and-scripting/scripts-and-triggers/networksecuritymanager.md
- Broken link on source page path = /mdm/gettingstarted:
   -> linking to /docs/endpointpolicymanager/resources/video-tutorials/applicationsettings/integration/sccmsoftwarecenter.md
   -> linking to /docs/endpointpolicymanager/resources/video-tutorials/mdm/microsoftintune.md
   -> linking to /docs/endpointpolicymanager/resources/video-tutorials/applicationsettings/integration/pdqdeployfirefox.md
   -> linking to /docs/endpointpolicymanager/resources/video-tutorials/applicationsettings/integration/pdqdeploy.md
   -> linking to /docs/endpointpolicymanager/resources/video-tutorials/methods/sccmgrouppolicy.md
   -> linking to /docs/endpointpolicymanager/resources/video-tutorials/mdm/testsample.md
   -> linking to /docs/endpointpolicymanager/resources/video-tutorials.md
- Broken link on source page path = /mdm/overview:
   -> linking to /docs/endpointpolicymanager/resources/video-tutorials/methods/exporterutility.md
- Broken link on source page path = /mdm/overview/knowledgebase:
   -> linking to /docs/endpointpolicymanager/cloud-and-remote-management/mdm-integration/stackmsi.md
- Broken link on source page path = /mdm/overview/videolearningcenter:
   -> linking to /docs/endpointpolicymanager/resources/video-tutorials/mdm/realgrouppolicy.md
   -> linking to /docs/endpointpolicymanager/resources/video-tutorials/cloud/testlab/createdc.md
   -> linking to /docs/endpointpolicymanager/resources/video-tutorials/mdm/testsample.md
   -> linking to /docs/endpointpolicymanager/resources/video-tutorials/mdm/microsoftintune.md
   -> linking to /docs/endpointpolicymanager/resources/video-tutorials/mdm/mobileiron.md
   -> linking to /docs/endpointpolicymanager/resources/video-tutorials/mdm/workspaceone.md
   -> linking to /docs/endpointpolicymanager/resources/video-tutorials/mdm/citrixendpointmanager.md
   -> linking to /docs/endpointpolicymanager/resources/video-tutorials/mdm/exportgpos.md
   -> linking to /docs/endpointpolicymanager/resources/video-tutorials/mdm/admintemplates.md
   -> linking to /docs/endpointpolicymanager/resources/video-tutorials/mdm/exporterutility.md
   -> linking to /docs/endpointpolicymanager/resources/video-tutorials/grouppolicy/renameendpoint.md
   -> linking to /docs/endpointpolicymanager/resources/video-tutorials/mdm/itemleveltargeting/entraid.md
   -> linking to /docs/endpointpolicymanager/resources/video-tutorials/mdm/itemleveltargeting/entraidgroupmembership.md
   -> linking to /docs/endpointpolicymanager/resources/video-tutorials/mdm/itemleveltargeting/entraidgroupdetermine.md
- Broken link on source page path = /mdm/service/microsoftintune:
   -> linking to /docs/endpointpolicymanager/resources/video-tutorials/mdm/microsoftintune.md
- Broken link on source page path = /mdm/service/mobileiron:
   -> linking to /docs/endpointpolicymanager/resources/video-tutorials/mdm/mobileiron.md
- Broken link on source page path = /mdm/service/overview:
   -> linking to /docs/endpointpolicymanager/resources/video-tutorials/mdm/realgrouppolicy.md
   -> linking to /docs/endpointpolicymanager/resources/video-tutorials/mdm/testsample.md
- Broken link on source page path = /mdm/service/vmwareworkspaceone:
   -> linking to /docs/endpointpolicymanager/resources/video-tutorials/mdm/workspaceone.md
- Broken link on source page path = /mdm/stackmsi:
   -> linking to /docs/endpointpolicymanager/resources/video-tutorials/methods/exporterutility.md
- Broken link on source page path = /mdm/uemtools:
   -> linking to /docs/endpointpolicymanager/resources/knowledge-base.md
- Broken link on source page path = /mdm/xmldatafiles/browserrouter:
   -> linking to /docs/endpointpolicymanager/application-management/browser-router/overview.md
- Broken link on source page path = /mdm/xmldatafiles/overview:
   -> linking to /docs/endpointpolicymanager/resources/video-tutorials/mdm/exporterutility.md
- Broken link on source page path = /mdm/xmldatafiles/preferences:
   -> linking to /docs/endpointpolicymanager/policy-management/preferences/overview.md
- Broken link on source page path = /mdm/xmldatafiles/securitysettings:
   -> linking to /docs/endpointpolicymanager/security-and-privilege-management/security-settings/overview.md
- Broken link on source page path = /preferences/componentlicense:
   -> linking to /docs/endpointpolicymanager/resources/video-tutorials/methods/exporterutility.md
- Broken link on source page path = /preferences/gettingstarted:
   -> linking to /docs/endpointpolicymanager/getting-started/quickstart/overviewinstall.md
- Broken link on source page path = /preferences/itemleveltargeting:
   -> linking to /docs/endpointpolicymanager/archive/archived-guides/itemleveltartgeting.md
- Broken link on source page path = /preferences/makemsis:
   -> linking to /docs/endpointpolicymanager/archive/archived-guides/preferencesexporter.md
   -> linking to /docs/endpointpolicymanager/cloud-and-remote-management/mdm-integration/uemtools.md
- Broken link on source page path = /preferences/overview:
   -> linking to /docs/endpointpolicymanager/getting-started/quickstart/overviewinstall.md
   -> linking to /docs/endpointpolicymanager/cloud-and-remote-management/mdm-integration/uemtools.md
   -> linking to /docs/endpointpolicymanager/cloud-and-remote-management/cloud-management/quickstart.md
   -> linking to /docs/endpointpolicymanager/policy-management/preferences/settings.md
- Broken link on source page path = /preferences/passwords:
   -> linking to /docs/endpointpolicymanager/licensing/unlicense/forceddisabled.md
- Broken link on source page path = /remotedesktopprotocol/overview:
   -> linking to /docs/endpointpolicymanager/resources/video-tutorials/remotedesktopprotocol/vdiscenarios.md
- Broken link on source page path = /remoteworkdelivery/advanced/standard/recursion:
   -> linking to /docs/endpointpolicymanager/resources/video-tutorials/remoteworkdelivery/masscopy.md
- Broken link on source page path = /remoteworkdelivery/cloudmdm:
   -> linking to /docs/endpointpolicymanager/resources/video-tutorials/remoteworkdelivery/cloud.md
   -> linking to /docs/endpointpolicymanager/resources/video-tutorials/remoteworkdelivery/mdm.md
- Broken link on source page path = /remoteworkdelivery/exportcollections:
   -> linking to /docs/endpointpolicymanager/cloud-and-remote-management/mdm-integration/uemtools.md
   -> linking to /docs/endpointpolicymanager/resources/video-tutorials/remoteworkdelivery/mdm.md
   -> linking to /docs/endpointpolicymanager/resources/video-tutorials/mdm/exporterutility.md
- Broken link on source page path = /remoteworkdelivery/gettingstarted/policiesweb:
   -> linking to /docs/endpointpolicymanager/resources/video-tutorials/remoteworkdelivery/webbasedshares.md
- Broken link on source page path = /remoteworkdelivery/overview:
   -> linking to /docs/endpointpolicymanager/getting-started/quickstart/overviewinstall.md
   -> linking to /docs/endpointpolicymanager/cloud-and-remote-management/mdm-integration/uemtools.md
   -> linking to /docs/endpointpolicymanager/resources/video-tutorials/remoteworkdelivery/smb.md
   -> linking to /docs/endpointpolicymanager/getting-started/basic-concepts.md
- Broken link on source page path = /remoteworkdelivery/overview/knowledgebase:
   -> linking to /docs/endpointpolicymanager/cloud-and-remote-management/remote-work-delivery/installsequentially.md
   -> linking to /docs/endpointpolicymanager/cloud-and-remote-management/remote-work-delivery/installuwp.md
   -> linking to /docs/endpointpolicymanager/cloud-and-remote-management/remote-work-delivery/updateclientsideextension.md
   -> linking to /docs/endpointpolicymanager/cloud-and-remote-management/remote-work-delivery/variables.md
   -> linking to /docs/endpointpolicymanager/cloud-and-remote-management/remote-work-delivery/printers.md
- Broken link on source page path = /remoteworkdelivery/overview/videolearningcenter:
   -> linking to /docs/endpointpolicymanager/resources/video-tutorials/remoteworkdelivery/smb.md
   -> linking to /docs/endpointpolicymanager/resources/video-tutorials/remoteworkdelivery/webbasedshares.md
   -> linking to /docs/endpointpolicymanager/resources/video-tutorials/remoteworkdelivery/masscopy.md
   -> linking to /docs/endpointpolicymanager/resources/video-tutorials/remoteworkdelivery/patching.md
   -> linking to /docs/endpointpolicymanager/resources/video-tutorials/remoteworkdelivery/cloud.md
   -> linking to /docs/endpointpolicymanager/resources/video-tutorials/remoteworkdelivery/mdm.md
   -> linking to /docs/endpointpolicymanager/resources/video-tutorials/remoteworkdelivery/localfilecopy.md
   -> linking to /docs/endpointpolicymanager/resources/video-tutorials/remoteworkdelivery/azureblobstorage.md
   -> linking to /docs/endpointpolicymanager/resources/video-tutorials/remoteworkdelivery/updateclientsideextension.md
- Broken link on source page path = /requirements/support/applicationsettings/applicationvirtualization:
   -> linking to /docs/endpointpolicymanager/resources/video-tutorials.md
- Broken link on source page path = /requirements/support/windows7:
   -> linking to /docs/endpointpolicymanager/platform-specific/windows-requirements/support/windows.md
- Broken link on source page path = /scriptstriggers/gettoknow/usage:
   -> linking to /docs/endpointpolicymanager/resources/video-tutorials/scriptstriggers/mapdrivetriggers.md
- Broken link on source page path = /scriptstriggers/itemleveltargeting/exportcollections:
   -> linking to /docs/endpointpolicymanager/cloud-and-remote-management/mdm-integration/uemtools.md
   -> linking to /docs/endpointpolicymanager/resources/video-tutorials/scriptstriggers/cloud.md
   -> linking to /docs/endpointpolicymanager/resources/video-tutorials/scriptstriggers/mdm.md
   -> linking to /docs/endpointpolicymanager/resources/video-tutorials/mdm/exporterutility.md
- Broken link on source page path = /scriptstriggers/mappeddrives/vpn:
   -> linking to /docs/endpointpolicymanager/platform-specific/windows-requirements/support/scriptstriggers/vpnsolutions.md
- Broken link on source page path = /scriptstriggers/networksecuritymanager:
   -> linking to /docs/endpointpolicymanager/resources/video-tutorials/networksecurity/basics.md
   -> linking to /docs/endpointpolicymanager/resources/video-tutorials/networksecurity/auditingevents.md
   -> linking to /docs/endpointpolicymanager/security-and-privilege-management/least-privilege-manager/elevate/executables.md
   -> linking to /docs/endpointpolicymanager/security-and-privilege-management/least-privilege-manager/bestpractices/rules/executablecombo.md
   -> linking to /docs/endpointpolicymanager/resources/video-tutorials/networksecurity/applicationsports.md
   -> linking to /docs/endpointpolicymanager/resources/video-tutorials/networksecurity/globalsettings.md
- Broken link on source page path = /scriptstriggers/overview:
   -> linking to /docs/endpointpolicymanager/getting-started/quickstart/overviewinstall.md
   -> linking to /docs/endpointpolicymanager/cloud-and-remote-management/mdm-integration/uemtools.md
   -> linking to /docs/endpointpolicymanager/resources/video-tutorials/scriptstriggers/gettingstarted/onpremise.md
- Broken link on source page path = /scriptstriggers/overview/knowledgebase:
   -> linking to /docs/endpointpolicymanager/automation-and-scripting/scripts-and-triggers/cylance.md
   -> linking to /docs/endpointpolicymanager/automation-and-scripting/scripts-and-triggers/onapplyscript.md
   -> linking to /docs/endpointpolicymanager/automation-and-scripting/scripts-and-triggers/scriptlocation.md
   -> linking to /docs/endpointpolicymanager/platform-specific/windows-requirements/support/scriptstriggers/vpnsolutions.md
   -> linking to /docs/endpointpolicymanager/automation-and-scripting/scripts-and-triggers/powershellscripts.md
   -> linking to /docs/endpointpolicymanager/automation-and-scripting/scripts-and-triggers/windows7tls.md
   -> linking to /docs/endpointpolicymanager/automation-and-scripting/scripts-and-triggers/wlannetwork.md
   -> linking to /docs/endpointpolicymanager/automation-and-scripting/scripts-and-triggers/wlandropbox.md
   -> linking to /docs/endpointpolicymanager/automation-and-scripting/scripts-and-triggers/silentbrowserinstall.md
   -> linking to /docs/endpointpolicymanager/automation-and-scripting/scripts-and-triggers/shortcutpublicdesktop.md
   -> linking to /docs/endpointpolicymanager/automation-and-scripting/scripts-and-triggers/mappeddrives/powershell.md
   -> linking to /docs/endpointpolicymanager/automation-and-scripting/scripts-and-triggers/updateregistry.md
   -> linking to /docs/endpointpolicymanager/automation-and-scripting/scripts-and-triggers/resetsecurechannel.md
   -> linking to /docs/endpointpolicymanager/automation-and-scripting/scripts-and-triggers/temperatureunit.md
   -> linking to /docs/endpointpolicymanager/automation-and-scripting/scripts-and-triggers/bitlockerdeployment.md
   -> linking to /docs/endpointpolicymanager/automation-and-scripting/scripts-and-triggers/windows10modifyscript.md
   -> linking to /docs/endpointpolicymanager/automation-and-scripting/scripts-and-triggers/teamsminimized.md
   -> linking to /docs/endpointpolicymanager/automation-and-scripting/scripts-and-triggers/vpnconnection.md
   -> linking to /docs/endpointpolicymanager/automation-and-scripting/scripts-and-triggers/mappeddrives/eventlogtriggers.md
   -> linking to /docs/endpointpolicymanager/automation-and-scripting/scripts-and-triggers/localaccountpassword.md
   -> linking to /docs/endpointpolicymanager/automation-and-scripting/scripts-and-triggers/mappeddrives/vpn.md
   -> linking to /docs/endpointpolicymanager/automation-and-scripting/scripts-and-triggers/screensavers.md
   -> linking to /docs/endpointpolicymanager/automation-and-scripting/scripts-and-triggers/processesdetails.md
   -> linking to /docs/endpointpolicymanager/automation-and-scripting/scripts-and-triggers/edgefirstlogon.md
   -> linking to /docs/endpointpolicymanager/automation-and-scripting/scripts-and-triggers/localscheduledtask.md
- Broken link on source page path = /scriptstriggers/overview/videolearningcenter:
   -> linking to /docs/endpointpolicymanager/resources/video-tutorials/scriptstriggers/gettingstarted/onpremise.md
   -> linking to /docs/endpointpolicymanager/resources/video-tutorials/scriptstriggers/gettingstarted/cloud.md
   -> linking to /docs/endpointpolicymanager/resources/video-tutorials/scriptstriggers/integration/chocolaty.md
   -> linking to /docs/endpointpolicymanager/resources/video-tutorials/scriptstriggers/windows10prolockscreen.md
   -> linking to /docs/endpointpolicymanager/resources/video-tutorials/scriptstriggers/customdefaultfileassociations.md
   -> linking to /docs/endpointpolicymanager/resources/video-tutorials/scriptstriggers/unwantedapps.md
   -> linking to /docs/endpointpolicymanager/resources/video-tutorials/scriptstriggers/printers.md
   -> linking to /docs/endpointpolicymanager/resources/video-tutorials/scriptstriggers/bitlocker.md
   -> linking to /docs/endpointpolicymanager/resources/video-tutorials/scriptstriggers/x509certificates.md
   -> linking to /docs/endpointpolicymanager/resources/video-tutorials/scriptstriggers/cloud.md
   -> linking to /docs/endpointpolicymanager/resources/video-tutorials/scriptstriggers/printersetup.md
   -> linking to /docs/endpointpolicymanager/resources/video-tutorials/scriptstriggers/integration/auditpol.md
   -> linking to /docs/endpointpolicymanager/resources/video-tutorials/scriptstriggers/scripttriggers.md
   -> linking to /docs/endpointpolicymanager/resources/video-tutorials/scriptstriggers/mapdrivetriggers.md
   -> linking to /docs/endpointpolicymanager/resources/video-tutorials/scriptstriggers/lockunlocksession.md
   -> linking to /docs/endpointpolicymanager/resources/video-tutorials/scriptstriggers/shutdownscripts.md
   -> linking to /docs/endpointpolicymanager/resources/video-tutorials/scriptstriggers/vpnconnect.md
   -> linking to /docs/endpointpolicymanager/resources/video-tutorials/scriptstriggers/integration/anyconnect.md
   -> linking to /docs/endpointpolicymanager/resources/video-tutorials/scriptstriggers/events.md
   -> linking to /docs/endpointpolicymanager/resources/video-tutorials/scriptstriggers/mdm.md
   -> linking to /docs/endpointpolicymanager/resources/video-tutorials/scriptstriggers/integration/pdqdeploy.md
- Broken link on source page path = /scriptstriggers/windows7tls:
   -> linking to /docs/endpointpolicymanager/platform-specific/windows-requirements/support/windows11.md
- Broken link on source page path = /securitysettings/exportwizard:
   -> linking to /docs/endpointpolicymanager/cloud-and-remote-management/mdm-integration/uemtools.md
- Broken link on source page path = /securitysettings/overview:
   -> linking to /docs/endpointpolicymanager/getting-started/quickstart/overviewinstall.md
   -> linking to /docs/endpointpolicymanager/cloud-and-remote-management/mdm-integration/uemtools.md
- Broken link on source page path = /softwarepackage/exportcollections:
   -> linking to /docs/endpointpolicymanager/cloud-and-remote-management/mdm-integration/uemtools.md
- Broken link on source page path = /softwarepackage/overview:
   -> linking to /docs/endpointpolicymanager/resources/video-tutorials/softwarepackage/appxmanager.md
- Broken link on source page path = /softwarepackage/overview/knowledgebase:
   -> linking to /docs/endpointpolicymanager/deployment-methods/software-packages/winget.md
- Broken link on source page path = /softwarepackage/overview/videolearningcenter:
   -> linking to /docs/endpointpolicymanager/resources/video-tutorials/softwarepackage/appxmanager.md
   -> linking to /docs/endpointpolicymanager/resources/video-tutorials/softwarepackage/removeapps.md
   -> linking to /docs/endpointpolicymanager/resources/video-tutorials/softwarepackage/blockapps.md
   -> linking to /docs/endpointpolicymanager/resources/video-tutorials/softwarepackage/winget/deployapplications.md
   -> linking to /docs/endpointpolicymanager/resources/video-tutorials/softwarepackage/winget/run.md
   -> linking to /docs/endpointpolicymanager/resources/video-tutorials/softwarepackage/extrastool.md
   -> linking to /docs/endpointpolicymanager/resources/video-tutorials/softwarepackage/mdm.md
- Broken link on source page path = /startscreentaskbar/exportcollections:
   -> linking to /docs/endpointpolicymanager/cloud-and-remote-management/mdm-integration/uemtools.md
   -> linking to /docs/endpointpolicymanager/resources/video-tutorials/startscreentaskbar/nondomainjoined.md
   -> linking to /docs/endpointpolicymanager/resources/video-tutorials/mdm/testsample.md
- Broken link on source page path = /startscreentaskbar/helpertools:
   -> linking to /docs/endpointpolicymanager/resources/video-tutorials/leastprivilege/uacprompts.md
   -> linking to /docs/endpointpolicymanager/resources/video-tutorials/leastprivilege/toolssetup.md
- Broken link on source page path = /startscreentaskbar/helperutility:
   -> linking to /docs/endpointpolicymanager/resources/video-tutorials/startscreentaskbar/helperutility.md
- Broken link on source page path = /startscreentaskbar/overview:
   -> linking to /docs/endpointpolicymanager/getting-started/quickstart/overviewinstall.md
   -> linking to /docs/endpointpolicymanager/cloud-and-remote-management/mdm-integration/uemtools.md
- Broken link on source page path = /startscreentaskbar/overview/knowledgebase:
   -> linking to /docs/endpointpolicymanager/platform-specific/windows-requirements/support/startscreentaskbar/windowserver.md
   -> linking to /docs/endpointpolicymanager/device-and-desktop-management/start-screen-and-taskbar/modes.md
   -> linking to /docs/endpointpolicymanager/platform-specific/windows-requirements/support/startscreentaskbar/mappeddrives.md
   -> linking to /docs/endpointpolicymanager/device-and-desktop-management/start-screen-and-taskbar/explorer.md
   -> linking to /docs/endpointpolicymanager/device-and-desktop-management/start-screen-and-taskbar/sccmsoftwarecenter.md
   -> linking to /docs/endpointpolicymanager/integrations/third-party-integrations/appv.md
   -> linking to /docs/endpointpolicymanager/device-and-desktop-management/start-screen-and-taskbar/helpertools.md
   -> linking to /docs/endpointpolicymanager/device-and-desktop-management/start-screen-and-taskbar/foldershortcut.md
   -> linking to /docs/endpointpolicymanager/device-and-desktop-management/start-screen-and-taskbar/addlink.md
- Broken link on source page path = /startscreentaskbar/overview/videolearningcenter:
   -> linking to /docs/endpointpolicymanager/resources/video-tutorials/startscreentaskbar/helperutility.md
   -> linking to /docs/endpointpolicymanager/resources/video-tutorials/startscreentaskbar/windows10startmenu.md
   -> linking to /docs/endpointpolicymanager/resources/video-tutorials/startscreentaskbar/demotaskbar.md
   -> linking to /docs/endpointpolicymanager/resources/video-tutorials/startscreentaskbar/itemleveltargeting.md
   -> linking to /docs/endpointpolicymanager/resources/video-tutorials/startscreentaskbar/linksie.md
   -> linking to /docs/endpointpolicymanager/resources/video-tutorials/startscreentaskbar/customicons.md
   -> linking to /docs/endpointpolicymanager/resources/video-tutorials/troubleshooting/startscreentaskbar/revertstartmenu.md
   -> linking to /docs/endpointpolicymanager/resources/video-tutorials/startscreentaskbar/nondomainjoined.md
   -> linking to /docs/endpointpolicymanager/resources/video-tutorials/startscreentaskbar/mdm.md
   -> linking to /docs/endpointpolicymanager/resources/video-tutorials/startscreentaskbar/mdmitemleveltargeting.md
   -> linking to /docs/endpointpolicymanager/resources/video-tutorials/startscreentaskbar/integration/citrix.md
   -> linking to /docs/endpointpolicymanager/resources/video-tutorials/startscreentaskbar/integration/pdqdeploy.md
   -> linking to /docs/endpointpolicymanager/resources/video-tutorials/startscreentaskbar/onetime.md
- Broken link on source page path = /startscreentaskbar/startscreen/overview:
   -> linking to /docs/endpointpolicymanager/resources/video-tutorials.md
- Broken link on source page path = /startscreentaskbar/taskbar:
   -> linking to /docs/endpointpolicymanager/resources/video-tutorials/startscreentaskbar/demotaskbar.md
- Broken link on source page path = /tips/embedclient:
   -> linking to /docs/endpointpolicymanager/resources/video-tutorials/install/autoupdate.md
   -> linking to /docs/endpointpolicymanager/resources/video-tutorials/cloud/groups.md
   -> linking to /docs/endpointpolicymanager/integrations/third-party-integrations/azurevirutaldesktop.md
   -> linking to /docs/endpointpolicymanager/integrations/third-party-integrations/vdisolutions.md
- Broken link on source page path = /tips/eventlogs:
   -> linking to /docs/endpointpolicymanager/resources/video-tutorials/leastprivilege/windowseventforwarding.md
   -> linking to /docs/endpointpolicymanager/security-and-privilege-management/least-privilege-manager/windowseventforwarding.md
   -> linking to /docs/endpointpolicymanager/resources/video-tutorials/scriptstriggers/cloud.md
- Broken link on source page path = /tips/folderredirection:
   -> linking to /docs/endpointpolicymanager/resources/video-tutorials/cloud/admxfiles.md
- Broken link on source page path = /tips/thirdpartyadvice:
   -> linking to /docs/endpointpolicymanager/resources/video-tutorials/gpocompilancereporter/importstig.md
   -> linking to /docs/endpointpolicymanager/resources/video-tutorials/gpocompilancereporter/existinggpos.md
   -> linking to /docs/endpointpolicymanager/resources/video-tutorials/administrativetemplates/reducegpos.md
   -> linking to /docs/endpointpolicymanager/resources/video-tutorials/administrativetemplates/collections.md
   -> linking to /docs/endpointpolicymanager/resources/video-tutorials/cloud/deploy/grouppolicysettings.md
   -> linking to /docs/endpointpolicymanager/resources/video-tutorials/mdm/exportgpos.md
   -> linking to /docs/endpointpolicymanager/resources/video-tutorials/mdm/microsoftintune.md
- Broken link on source page path = /troubleshooting/applicationsettings/applock/disable:
   -> linking to /docs/endpointpolicymanager/application-management/application-settings/modes/applock.md
   -> linking to /docs/endpointpolicymanager/resources/video-tutorials/applicationsettings/superpowers.md
   -> linking to /docs/endpointpolicymanager/resources/video-tutorials/troubleshooting/admxfiles.md
- Broken link on source page path = /troubleshooting/applicationsettings/applock/someapplications:
   -> linking to /docs/endpointpolicymanager/resources/video-tutorials/applicationsettings/acllockdown.md
- Broken link on source page path = /troubleshooting/applicationsettings/appset/localmissing:
   -> linking to /docs/endpointpolicymanager/application-management/application-settings/centralstore.md
- Broken link on source page path = /troubleshooting/applicationsettings/appset/storage:
   -> linking to /docs/endpointpolicymanager/resources/video-tutorials/applicationsettings/shares.md
- Broken link on source page path = /troubleshooting/applicationsettings/backup/overview:
   -> linking to /docs/endpointpolicymanager/resources/video-tutorials/troubleshooting/backup.md
- Broken link on source page path = /troubleshooting/applicationsettings/basicsteps:
   -> linking to /docs/endpointpolicymanager/resources/video-tutorials/applicationsettings/itemleveltargetingbypass.md
- Broken link on source page path = /troubleshooting/applicationsettings/entrysettings:
   -> linking to /docs/endpointpolicymanager/resources/video-tutorials/applicationsettings/itemleveltargetingbypass.md
- Broken link on source page path = /troubleshooting/applicationsettings/firefox/certificates:
   -> linking to /docs/endpointpolicymanager/platform-specific/windows-requirements/support/applicationsettings/firefox/version.md
- Broken link on source page path = /troubleshooting/applicationsettings/java/issue:
   -> linking to /docs/endpointpolicymanager/resources/video-tutorials/applicationsettings/itemleveltargetingbypass.md
- Broken link on source page path = /troubleshooting/applicationsettings/mmc:
   -> linking to /docs/endpointpolicymanager/installation-and-deployment/antivirus.md
- Broken link on source page path = /troubleshooting/applicationsettings/reapplylaunchdisable:
   -> linking to /docs/endpointpolicymanager/resources/video-tutorials/troubleshooting/admxfiles.md
- Broken link on source page path = /troubleshooting/browserrouter/adobelinks:
   -> linking to /docs/endpointpolicymanager/installation-and-deployment/antivirus.md
- Broken link on source page path = /troubleshooting/browserrouter/betweenbrowsers:
   -> linking to /docs/endpointpolicymanager/resources/knowledge-base.md
- Broken link on source page path = /troubleshooting/browserrouter/chrome/forceinstall:
   -> linking to /docs/endpointpolicymanager/resources/video-tutorials/troubleshooting/admxfiles.md
- Broken link on source page path = /troubleshooting/browserrouter/default:
   -> linking to /docs/endpointpolicymanager/application-management/browser-router/defaultbrowser/defined.md
   -> linking to /docs/endpointpolicymanager/application-management/file-associations/defaultbrowser.md
- Broken link on source page path = /troubleshooting/browserrouter/install/defaultbrowser:
   -> linking to /docs/endpointpolicymanager/application-management/file-associations/defaultbrowser.md
- Broken link on source page path = /troubleshooting/browserrouter/overview:
   -> linking to /docs/endpointpolicymanager/resources/video-tutorials/troubleshooting/admxfiles.md
- Broken link on source page path = /troubleshooting/browserrouter/revertlegacy:
   -> linking to /docs/endpointpolicymanager/resources/video-tutorials/troubleshooting/admxfiles.md
   -> linking to /docs/endpointpolicymanager/resources/video-tutorials/cloud/admxfiles.md
- Broken link on source page path = /troubleshooting/changemanagementtools:
   -> linking to /docs/endpointpolicymanager/resources/video-tutorials/changemanagementutilities/history.md
   -> linking to /docs/endpointpolicymanager/resources/video-tutorials/changemanagementutilities/advancedgrouppolicymanagement.md
   -> linking to /docs/endpointpolicymanager/resources/video-tutorials/changemanagementutilities/gpoadmintool.md
   -> linking to /docs/endpointpolicymanager/resources/video-tutorials/changemanagementutilities/netiq.md
   -> linking to /docs/endpointpolicymanager/resources/video-tutorials/changemanagementutilities/scriptlogicactiveadministrator.md
   -> linking to /docs/endpointpolicymanager/resources/video-tutorials/changemanagementutilities/sdmchangemanager.md
- Broken link on source page path = /troubleshooting/clientsideextension/uninstallpassword:
   -> linking to /docs/endpointpolicymanager/resources/video-tutorials/troubleshooting/admxfiles.md
- Broken link on source page path = /troubleshooting/cloud/grouppolicyeditors:
   -> linking to /docs/endpointpolicymanager/resources/video-tutorials/cloud/reports.md
- Broken link on source page path = /troubleshooting/cloud/underhood/clientcommands:
   -> linking to /docs/endpointpolicymanager/integrations/third-party-integrations/azurevirutaldesktop.md
   -> linking to /docs/endpointpolicymanager/integrations/third-party-integrations/vdisolutions.md
- Broken link on source page path = /troubleshooting/cloud/underhood/installation:
   -> linking to /docs/endpointpolicymanager/resources/knowledge-base.md
- Broken link on source page path = /troubleshooting/error/browserrouter/contactsupport:
   -> linking to /docs/endpointpolicymanager/installation-and-deployment/antivirus.md
- Broken link on source page path = /troubleshooting/error/install/sufficientprivileges:
   -> linking to /docs/endpointpolicymanager/installation-and-deployment/antivirus.md
- Broken link on source page path = /troubleshooting/error/leastprivilege/serverbusy:
   -> linking to /docs/endpointpolicymanager/resources/video-tutorials/leastprivilege/bestpractices/opensavedialogs.md
- Broken link on source page path = /troubleshooting/fastsupport:
   -> linking to /docs/endpointpolicymanager/installation-and-deployment/rings.md
   -> linking to /docs/endpointpolicymanager/resources/video-tutorials/troubleshooting/logs.md
- Broken link on source page path = /troubleshooting/fileassociations/cortana:
   -> linking to /docs/endpointpolicymanager/application-management/browser-router/defaultbrowser/defined.md
- Broken link on source page path = /troubleshooting/fileassociations/legacy:
   -> linking to /docs/endpointpolicymanager/resources/video-tutorials/troubleshooting/admxfiles.md
   -> linking to /docs/endpointpolicymanager/resources/video-tutorials/cloud/admxfiles.md
- Broken link on source page path = /troubleshooting/grouppolicycompliancereporter/admxregistry:
   -> linking to /docs/endpointpolicymanager/resources/knowledge-base.md
- Broken link on source page path = /troubleshooting/grouppolicycompliancereporter/clientendpoint:
   -> linking to /docs/endpointpolicymanager/resources/video-tutorials/gpocompilancereporter/firewallports.md
- Broken link on source page path = /troubleshooting/hangingprocess:
   -> linking to /docs/endpointpolicymanager/resources/video-tutorials/troubleshooting/processmonitor.md
- Broken link on source page path = /troubleshooting/intelgraphicdriver:
   -> linking to /docs/endpointpolicymanager/security-and-privilege-management/least-privilege-manager/runasadmin.md
- Broken link on source page path = /troubleshooting/javaenterpriserules/javaprompts:
   -> linking to /docs/endpointpolicymanager/resources/video-tutorials/applicationsettings/java/lockdown.md
   -> linking to /docs/endpointpolicymanager/application-management/application-settings/preconfigured-applications/firefox/allowremember.md
- Broken link on source page path = /troubleshooting/leastprivilege/sage50:
   -> linking to /docs/endpointpolicymanager/resources/video-tutorials/leastprivilege/installapplications.md
   -> linking to /docs/endpointpolicymanager/security-and-privilege-management/least-privilege-manager/elevate/dragdrop.md
- Broken link on source page path = /troubleshooting/leastprivilege/securerun/inlinecommands:
   -> linking to /docs/endpointpolicymanager/security-and-privilege-management/least-privilege-manager/securerun/blockedscripttypes.md
- Broken link on source page path = /troubleshooting/license/enterprisefull:
   -> linking to /docs/endpointpolicymanager/resources/video-tutorials/license/installuniversal.md
   -> linking to /docs/endpointpolicymanager/licensing/unlicense/componentscloud.md
   -> linking to /docs/endpointpolicymanager/licensing/unlicense/forceddisabled.md
   -> linking to /docs/endpointpolicymanager/licensing/unlicense/componentsexclude.md
   -> linking to /docs/endpointpolicymanager/installation-and-deployment/clientsideextension/guids.md
   -> linking to /docs/endpointpolicymanager/installation-and-deployment/rings.md
- Broken link on source page path = /troubleshooting/license/expires:
   -> linking to /docs/endpointpolicymanager/licensing/unlicense/fileold.md
   -> linking to /docs/endpointpolicymanager/resources/video-tutorials/license/cleanup.md
- Broken link on source page path = /troubleshooting/license/graceperiod:
   -> linking to /docs/endpointpolicymanager/resources/video-tutorials/license/installuniversal.md
- Broken link on source page path = /troubleshooting/license/legacy:
   -> linking to /docs/endpointpolicymanager/resources/video-tutorials/license/legacy.md
   -> linking to /docs/endpointpolicymanager/installation-and-deployment/rings.md
   -> linking to /docs/endpointpolicymanager/resources/video-tutorials/license/installuniversal.md
   -> linking to /docs/endpointpolicymanager/licensing/unlicense/components.md
- Broken link on source page path = /troubleshooting/mac/eventcollectiion:
   -> linking to /docs/endpointpolicymanager/cloud-and-remote-management/cloud-management/eventcollection/childgroups.md
- Broken link on source page path = /troubleshooting/nondomain/edge:
   -> linking to /docs/endpointpolicymanager/resources/knowledge-base.md
- Broken link on source page path = /troubleshooting/nondomain/limitations:
   -> linking to /docs/endpointpolicymanager/resources/video-tutorials/browserrouter/chromenondomainjoined.md
- Broken link on source page path = /troubleshooting/preferences/clientmachines:
   -> linking to /docs/endpointpolicymanager/getting-started/basic-concepts.md
- Broken link on source page path = /troubleshooting/preferences/domainjoined:
   -> linking to /docs/endpointpolicymanager/licensing/unlicense/componentscloud.md
- Broken link on source page path = /troubleshooting/procmon:
   -> linking to /docs/endpointpolicymanager/resources/video-tutorials/troubleshooting/logs.md
- Broken link on source page path = /troubleshooting/restoredetails:
   -> linking to /docs/endpointpolicymanager/resources/video-tutorials/grouppolicy/integration.md
- Broken link on source page path = /troubleshooting/scriptstriggers/systemprocesses:
   -> linking to /docs/endpointpolicymanager/resources/video-tutorials/leastprivilege/bestpractices/securerun/usersystemexecutables.md
- Broken link on source page path = /troubleshooting/slowlogins:
   -> linking to /docs/endpointpolicymanager/installation-and-deployment/antivirus.md
   -> linking to /docs/endpointpolicymanager/resources/video-tutorials/cloud/import.md
- Broken link on source page path = /troubleshooting/startscreentaskbar/customicons:
   -> linking to /docs/endpointpolicymanager/resources/video-tutorials/startscreentaskbar/customicons.md
- Broken link on source page path = /troubleshooting/startscreentaskbar/office365:
   -> linking to /docs/endpointpolicymanager/resources/video-tutorials/startscreentaskbar/helperutility.md
- Broken link on source page path = /troubleshooting/startscreentaskbar/rollback:
   -> linking to /docs/endpointpolicymanager/resources/video-tutorials/startscreentaskbar/onetime.md
- Broken link on source page path = /video/applicationsettings/trustedappsets:
   -> linking to /docs/endpointpolicymanager/resources/video-tutorials/troubleshooting/backup.md
   -> linking to /docs/endpointpolicymanager/resources/video-tutorials/troubleshooting/backupoptions.md
- Broken link on source page path = /video/cloud/add/administrator:
   -> linking to /docs/endpointpolicymanager/cloud-and-remote-management/cloud-management/add/administrator.md
- Broken link on source page path = /video/fileassociations/acroreader:
   -> linking to /docs/endpointpolicymanager/resources/video-tutorials/fileassociations/windows10.md
- Broken link on source page path = /video/leastprivilege/windowseventforwarding:
   -> linking to /docs/endpointpolicymanager/security-and-privilege-management/least-privilege-manager/windowseventforwarding.md
- Broken link on source page path = /video/networksecurity/videolearningcenter:
   -> linking to /docs/endpointpolicymanager/resources/video-tutorials/networksecurity/basics.md
   -> linking to /docs/endpointpolicymanager/resources/video-tutorials/networksecurity/domainnames.md
   -> linking to /docs/endpointpolicymanager/resources/video-tutorials/networksecurity/applicationsports.md
   -> linking to /docs/endpointpolicymanager/resources/video-tutorials/networksecurity/globalsettings.md
   -> linking to /docs/endpointpolicymanager/resources/video-tutorials/networksecurity/auditingevents.md
- Broken link on source page path = /video/remotedesktopprotocol/videolearningcenter:
   -> linking to /docs/endpointpolicymanager/resources/video-tutorials/remotedesktopprotocol/vdiscenarios.md
   -> linking to /docs/endpointpolicymanager/resources/video-tutorials/remotedesktopprotocol/cloud.md
   -> linking to /docs/endpointpolicymanager/resources/video-tutorials/remotedesktopprotocol/mdm.md
   -> linking to /docs/endpointpolicymanager/resources/video-tutorials/remotedesktopprotocol/itemleveltargeting.md
- Broken link on source page path = /video/startscreentaskbar/windows10startmenu:
   -> linking to /docs/endpointpolicymanager/resources/video-tutorials/fileassociations/windows10.md

Build completed successfully!
